[General Information]
Name: Fusion Reborn! Goku and Vegeta
Saga: Special Saga

[Rewards]
> Acquired Z-Points (from Easy to Hard)
2000
2500
3000
> Acquired Z-Items
null
null
null
> Acquired Maps
Hell
null
null
> Acquired Characters
Super Janemba
Super Gogeta
null
> Acquired Scenarios
null
null
null

[Battle Settings]
Map: Hell
BGM: UNKNOWN (ID: 22)

[Player 1 Team]
> Teammate 1
Character: SS1 Goku (End)
Costume: 1
Damaged: false
COM Difficulty Level: 0
Strategy Z-Item: Goku Type
Initial Health: 100%
Z-Item #1: Master Roshi's Training
Z-Item #2: null
Z-Item #3: null
Z-Item #4: null
Z-Item #5: Halo
Z-Item #6: Dragon Crush
Z-Item #7: Vanishing Rush

> Teammate 2
Character: Vegeta
Costume: 2
Damaged: false
COM Difficulty Level: 0
Strategy Z-Item: Goku Type
Initial Health: 100%
Z-Item #1: Master Roshi's Training
Z-Item #2: null
Z-Item #3: null
Z-Item #4: null
Z-Item #5: Halo
Z-Item #6: Dragon Crush
Z-Item #7: Vanishing Rush

> Teammate 3
Character: Goku (End)
Costume: 1
Damaged: false
COM Difficulty Level: 0
Strategy Z-Item: Goku Type
Initial Health: 100%
Z-Item #1: null
Z-Item #2: null
Z-Item #3: null
Z-Item #4: null
Z-Item #5: null
Z-Item #6: null
Z-Item #7: null

[Opponent Team]
> Teammate 1
Character: Janemba
Costume: 1
Damaged: false
COM Difficulty Level: 9
Strategy Z-Item: Chiaotzu Type
Initial Health: 100%
Z-Item #1: King Kai's Training
Z-Item #2: Attack +15
Z-Item #3: Defense +15
Z-Item #4: null
Z-Item #5: null
Z-Item #6: null
Z-Item #7: null

> Results
Teammate Count (Player 1): 3
Teammate Count (Opponent): 1

[Scene 0]

===Cinematic Info===
Change Position/Rotation for SS1 Goku (End)
> Position (XYZ): 88.0 0.0 0.0 
> Rotation (XYZ): 0.0 -90.0 0.0 
Change Position/Rotation for Janemba
> Position (XYZ): -88.0 0.0 0.0 
> Rotation (XYZ): 0.0 90.0 0.0 
[Initial Camera Point]
> Position (XYZ): 57.814 -6.887 4.272 
> Rotation (XYZ): 7.06 98.159 0.0 
[Additional Camera Point]
> Transition Time: 3.0 
> Position (XYZ): 75.109 -13.352 0.662 
> Rotation (XYZ): -3.807 98.159 0.0 
Play Animation 406_SURPRISED.canm for SS1 Goku (End)
> Loop property detected
Play Voice Line 0 for SS1 Goku (End)
> Wait property detected
[Initial Camera Point]
> Position (XYZ): 7.218 -41.251 26.158 
> Rotation (XYZ): -8.539 -102.632 0.0 
[Additional Camera Point]
> Transition Time: 3.0 
> Position (XYZ): -52.091 -39.426 5.644 
> Rotation (XYZ): -8.539 -93.835 0.0 
Play Animation 384_INTRO_IN.canm for Janemba
> Wait property detected
Play Animation 385_INTRO_LOOP.canm for Janemba
> Loop property detected
Play Voice Line 1 for Janemba
> Wait property detected
Disable ALL VFX

===Battle Info===
Condition: Lose 2 Health Bars
> Scene ID: 1
Condition: Win via K.O.
> Scene ID: 30
Condition: Win via K.O. (Opponent)
> Scene ID: 49
Condition: Immediate
> Voice Line ID: 2
Condition: Immediate
> Voice Line ID: 3
Condition: Immediate
> Voice Line ID: 4
Condition: Perform Teleport
> Voice Line ID: 5
Condition: Win Beam Struggle (Opponent)
> Voice Line ID: 6
Condition: Perform Burst Meteo Finisher
> Voice Line ID: 7
Condition: Perform Z-Counter
> Voice Line ID: 10
Condition: Perform 1st Blast 1 (Opponent)
> Voice Line ID: 11
Condition: UNKNOWN(ID: 53)
> Voice Line ID: 12
Condition: Go in MAX POWER Mode (Opponent)
> Voice Line ID: 13
Condition: Go in MAX POWER Mode
> Voice Line ID: 14
Condition: Fall into ground/water (Opponent) [AUTO]
> Voice Line ID: 15
Condition: Perform Dragon Smash (Opponent)
> Voice Line ID: 16
Condition: Fall into ground/water [AUTO]
> Voice Line ID: 17
Condition: Perform Guard Crush (Opponent)
> Voice Line ID: 18
Condition: Perform Hyper Smash (Opponent)
> Voice Line ID: 19
Condition: Hit with Ultimate Blast (Opponent)
> Voice Line ID: 21
Condition: Perform Hyper Smash (Opponent)
> Voice Line ID: 22
Condition: Lose 1 Health Bar (Opponent) [AUTO]
> Voice Line ID: 24
Condition: Lose 1 Health Bar
> Voice Line ID: 25
Condition: Block 1st Blast 2 (Opponent)
> Voice Line ID: 26
Condition: Lose 2 Health Bars (Opponent) [AUTO]
> Voice Line ID: 27
Condition: Block 1st Blast 2
> Voice Line ID: 28
Condition: Perform Sonic Sway
> Voice Line ID: 5
Condition: Win Normal Clash (Opponent)
> Voice Line ID: 6
Condition: Block 2nd Blast 2 (Opponent)
> Voice Line ID: 28
Event:     Battle Finish

[Scene 1]

===Cinematic Info===
Add 1.2 s fade-out
Change Position/Rotation for SS1 Goku (End)
> Position (XYZ): 88.0 0.0 0.0 
> Rotation (XYZ): 0.0 -90.0 0.0 
Change Position/Rotation for Janemba
> Position (XYZ): -88.0 0.0 0.0 
> Rotation (XYZ): 0.0 90.0 0.0 
[Initial Camera Point]
> Position (XYZ): 70.524 -9.403 3.279 
> Rotation (XYZ): 0.0 103.926 0.0 
Play Animation 0_GROUND.canm for SS1 Goku (End)
> Loop property detected
Play Voice Line 29 for SS1 Goku (End)
> Wait property detected
[Initial Camera Point]
> Position (XYZ): 77.4 -10.321 3.891 
> Rotation (XYZ): 11.866 108.768 0.0 
Play Animation 384_INTRO_IN.canm for SS1 Goku (End)
> Wait property detected
Enable Ki Charge for SS1 Goku (End)
Play Animation 385_INTRO_LOOP.canm for SS1 Goku (End)
> Loop property detected
Play Voice Line 30 for SS1 Goku (End)
> Wait property detected
[Initial Camera Point]
> Position (XYZ): -53.406 -22.989 8.008 
> Rotation (XYZ): 13.972 -100.447 0.0 
Play Animation 385_INTRO_LOOP.canm for Janemba
> Loop property detected
Play Voice Line 31 for Janemba
> Wait property detected
Disable ALL VFX

===Battle Info===
Condition: Wait 20 seconds
> Scene ID: 2
Condition: Win via K.O.
> Scene ID: 30
Condition: Win via K.O. (Opponent)
> Scene ID: 40
Condition: Immediate
> Voice Line ID: 32
Condition: Win Beam Struggle (Opponent)
> Voice Line ID: 6
Condition: Perform Burst Meteo Finisher
> Voice Line ID: 7
Condition: Fall into ground/water (Opponent) [AUTO]
> Voice Line ID: 9
Condition: Perform Z-Counter
> Voice Line ID: 10
Condition: Hit with 1st Blast 1 (Opponent)
> Voice Line ID: 11
Condition: UNKNOWN(ID: 53)
> Voice Line ID: 12
Condition: Go in MAX POWER Mode (Opponent)
> Voice Line ID: 13
Condition: Go in MAX POWER Mode
> Voice Line ID: 14
Condition: UNKNOWN(ID: 35) (Opponent)
> Voice Line ID: 15
Condition: Perform Dragon Smash (Opponent)
> Voice Line ID: 16
Condition: Fall into ground/water [AUTO]
> Voice Line ID: 17
Condition: Perform Teleport
> Voice Line ID: 18
Condition: Perform Hyper Smash (Opponent)
> Voice Line ID: 19
Condition: Hit with Ultimate Blast (Opponent)
> Voice Line ID: 21
Condition: Perform Hyper Smash (Opponent)
> Voice Line ID: 22
Condition: Block Ultimate Blast
> Voice Line ID: 23
Condition: Perform Teleport
> Voice Line ID: 5
Condition: Block 1st Blast 2 (Opponent)
> Voice Line ID: 25
Condition: Block 2nd Blast 2 (Opponent)
> Voice Line ID: 26
Condition: Block 1st Blast 2 (Opponent)
> Voice Line ID: 28
Condition: Block 2nd Blast 2
> Voice Line ID: 28
Condition: Perform Sonic Sway
> Voice Line ID: 5
Condition: Win Normal Clash (Opponent)
> Voice Line ID: 6
Condition: Taunt (Opponent)
> Voice Line ID: 0
Event:     Battle Finish

[Scene 2]

===Cinematic Info===
Add 1.2 s fade-out
Change Position/Rotation for SS1 Goku (End)
> Position (XYZ): 88.0 0.0 0.0 
> Rotation (XYZ): 0.0 -90.0 0.0 
Change Position/Rotation for Janemba
> Position (XYZ): -88.0 0.0 0.0 
> Rotation (XYZ): 0.0 90.0 0.0 
[Initial Camera Point]
> Position (XYZ): 69.507 -7.757 -3.644 
> Rotation (XYZ): 4.386 67.458 0.0 
[Additional Camera Point]
> Transition Time: 6.0 
> Position (XYZ): 74.37 -8.74 1.854 
> Rotation (XYZ): 8.267 102.427 0.0 
Play Animation 0_GROUND.canm for SS1 Goku (End)
> Loop property detected
Play Voice Line 35 for SS1 Goku (End)
> Wait property detected
[Initial Camera Point]
> Position (XYZ): -78.96 -52.643 -11.295 
> Rotation (XYZ): -33.948 -62.717 0.0 
[Additional Camera Point]
> Transition Time: 4.0 
> Position (XYZ): -45.072 -60.833 -24.891 
> Rotation (XYZ): -33.948 -66.014 0.0 
Play Animation 385_INTRO_LOOP.canm for Janemba
> Loop property detected
Play Voice Line 1 for Janemba
> Wait property detected
[Initial Camera Point]
> Position (XYZ): 75.352 -7.667 1.682 
> Rotation (XYZ): 15.099 103.276 0.0 
Play Animation 0_GROUND.canm for SS1 Goku (End)
> Loop property detected
Play Voice Line 37 for SS1 Goku (End)
> Wait property detected
Disable ALL VFX

===Battle Info===
Condition: Immediate
> Scene ID: 3
Condition: Win via K.O.
> Scene ID: 39
Condition: Win via K.O. (Opponent)
> Scene ID: 49
Event:     Assign Transformation
Character: SS3 Goku (End)

[Scene 3]

===Cinematic Info===
Disable ALL VFX

===Battle Info===
Condition: Win via K.O.
> Scene ID: 4
Condition: Win via K.O. (Opponent)
> Scene ID: 40
Condition: Immediate
> Voice Line ID: 38
Condition: Go in MAX POWER Mode (Opponent)
> Voice Line ID: 39
Condition: Fall into ground/water [AUTO]
> Voice Line ID: 41
Condition: UNKNOWN(ID: 35)
> Voice Line ID: 42
Condition: Block 1st Blast 2 (Opponent)
> Voice Line ID: 43
Condition: Hit with 1st Blast 2
> Voice Line ID: 44
Condition: Win Beam Struggle (Opponent)
> Voice Line ID: 45
Condition: Perform Normal Clash
> Voice Line ID: 46
Condition: Win Beam Struggle
> Voice Line ID: 47
Condition: Perform Hyper Smash (Opponent)
> Voice Line ID: 12
Condition: Fall into ground/water (Opponent) [AUTO]
> Voice Line ID: 15
Condition: Block 2nd Blast 2 (Opponent)
> Voice Line ID: 43
Condition: Hit with 2nd Blast 2
> Voice Line ID: 44
Condition: Hit with Ultimate Blast
> Voice Line ID: 44
Condition: Perform Aerial Clash
> Voice Line ID: 46
Condition: Perform Ultimate Blast (Opponent)
> Voice Line ID: 13
Condition: Perform Hyper Smash (Opponent)
> Voice Line ID: 22
Condition: Perform Rush Attack (Opponent)
> Voice Line ID: 6
Condition: Hit with Ultimate Blast (Opponent)
> Voice Line ID: 21
[Changes to Player 1 detected.]
> Add 100% more Health
> Z-Item #1: King Kai's Training
> Z-Item #2: Ultimate Warrior 2
> Z-Item #3: Fighting Spirit!
[Changes to Opponent detected.]
> Set COM Difficulty Level to 5
> Z-Item #2: null
> Z-Item #3: null
> Z-Item #4: null
> Z-Item #5: null
> Z-Item #6: null
> Z-Item #7: null
Event:     Battle Finish

[Scene 4]

===Cinematic Info===
Lower Current BG Music
BG Music:  UNKNOWN (ID: 20)
Disable ALL VFX

===Battle Info===
Condition: Immediate
> Scene ID: 5

[Scene 5]

===Cinematic Info===
Change Position/Rotation for SS1 Goku (End)
> Position (XYZ): 88.0 0.0 0.0 
> Rotation (XYZ): 0.0 -90.0 0.0 
Change Position/Rotation for Janemba
> Position (XYZ): -88.0 0.0 0.0 
> Rotation (XYZ): 0.0 90.0 0.0 
[Initial Camera Point]
> Position (XYZ): 43.698 -0.497 -1.77 
> Rotation (XYZ): 12.975 88.881 0.0 
[Additional Camera Point]
> Transition Time: 3.0 
> Position (XYZ): 71.778 -11.998 -0.441 
> Rotation (XYZ): 2.698 93.465 0.0 
Play Animation 384_INTRO_IN.canm for SS1 Goku (End)
> Wait property detected
Play Animation 385_INTRO_LOOP.canm for SS1 Goku (End)
> Loop property detected
> Loop property detected
Play Voice Line 51 for SS1 Goku (End)
> Wait property detected
[Initial Camera Point]
> Position (XYZ): -44.154 -6.327 12.849 
> Rotation (XYZ): 6.111 -111.741 0.0 
[Additional Camera Point]
> Transition Time: 6.0 
> Position (XYZ): -62.346 -17.192 4.967 
> Rotation (XYZ): -4.633 -114.35 0.0 
Play Animation 384_INTRO_IN.canm for Janemba
> Wait property detected
Play Animation 385_INTRO_LOOP.canm for Janemba
> Loop property detected
Play Voice Line 52 for Janemba
> Wait property detected
Disable ALL VFX

===Battle Info===
Condition: Wait 40 seconds
> Scene ID: 9
Condition: Win via K.O.
> Scene ID: 32
Condition: Win via K.O. (Opponent)
> Scene ID: 41
Condition: Perform Vanishing Attack (Opponent)
> Voice Line ID: 53
Condition: Wait 15 seconds
> Voice Line ID: 54
Condition: Wait 30 seconds
> Voice Line ID: 55
Condition: Go in MAX POWER Mode
> Voice Line ID: 56
Condition: Go in MAX POWER Mode (Opponent)
> Voice Line ID: 58
Condition: Lose 2 Health Bars (Opponent) [AUTO]
> Voice Line ID: 59
Condition: Win Normal Clash (Opponent)
> Voice Line ID: 53
Condition: Fall into ground/water [AUTO]
> Voice Line ID: 106
[Changes to Player 1 detected.]
> Add 100% more Health
[Changes to Opponent detected.]
> Add 100% more Health
> Z-Item #1: Ultimate Body
> Z-Item #2: Whis Training
> Z-Item #3: Defense +30
> Z-Item #4: Attack +20
> Z-Item #5: Vanishing Rush
Event:     Battle Finish

[Scene 9]

===Cinematic Info===
Add 1.2 s fade-out
Change Position/Rotation for SS1 Goku (End)
> Position (XYZ): 88.0 0.0 0.0 
> Rotation (XYZ): 0.0 -90.0 0.0 
Change Position/Rotation for Janemba
> Position (XYZ): -88.0 0.0 0.0 
> Rotation (XYZ): 0.0 90.0 0.0 
[Initial Camera Point]
> Position (XYZ): 61.093 -1.747 4.197 
> Rotation (XYZ): 22.579 96.705 0.0 
[Additional Camera Point]
> Transition Time: 5.0 
> Position (XYZ): 76.666 -9.443 4.117 
> Rotation (XYZ): 7.374 106.29 0.0 
Play Animation 1_GROUND_TIRED.canm for SS1 Goku (End)
> Loop property detected
Play Voice Line 57 for SS1 Goku (End)
> Wait property detected
Disable ALL VFX

===Battle Info===
Condition: Wait 30 seconds
> Scene ID: 6
Condition: Win via K.O.
> Scene ID: 32
Condition: Win via K.O. (Opponent)
> Scene ID: 41
Condition: Immediate
> Voice Line ID: 53
Condition: Immediate
> Voice Line ID: 54
Condition: Fall into ground/water [AUTO]
> Voice Line ID: 53
Condition: Go in MAX POWER Mode (Opponent)
> Voice Line ID: 58
Condition: Perform Teleport
> Voice Line ID: 55
Condition: Go in MAX POWER Mode
> Voice Line ID: 56
Condition: Hit with 1st Blast 2 (Opponent)
> Voice Line ID: 57
Condition: Hit with 2nd Blast 2 (Opponent)
> Voice Line ID: 57
Condition: Hit with Ultimate Blast (Opponent)
> Voice Line ID: 57
Condition: Go in MAX POWER Mode (Opponent)
> Voice Line ID: 58
Condition: Fall into ground/water (Opponent) [AUTO]
> Voice Line ID: 59
Event:     Assign Transformation
Character: Goku (End)

[Scene 6]

===Cinematic Info===
Disable ALL VFX

===Battle Info===
Condition: Immediate
> Scene ID: 7
[Changes to Player 1 detected.]
> Apply changes to Teammate 2
Event:     Switch with Teammate #2
Character: SSR Goku Black

[Scene 7]

===Cinematic Info===
Add 1.2 s fade-out
Change Position/Rotation for Vegeta
> Position (XYZ): -51.4 0.0 61.3 
> Rotation (XYZ): 0.0 140.0 0.0 
Change Position/Rotation for Janemba
> Position (XYZ): 51.4 0.0 -61.3 
> Rotation (XYZ): 0.0 -40.0 0.0 
[Initial Camera Point]
> Position (XYZ): -52.468 -6.25 24.251 
> Rotation (XYZ): -2.674 1.575 0.0 
[Additional Camera Point]
> Transition Time: 8.0 
> Position (XYZ): -52.883 -13.002 53.993 
> Rotation (XYZ): -5.025 23.775 0.0 
Play Animation 384_INTRO_IN.canm for Vegeta
> Wait property detected
Play Animation 385_INTRO_LOOP.canm for Vegeta
> Loop property detected
Play Voice Line 61 for Vegeta
> Wait property detected
[Initial Camera Point]
> Position (XYZ): -79.584 -10.078 68.939 
> Rotation (XYZ): -6.253 120.922 0.0 
Play Voice Line 62 for SS1 Goku (End)
> Wait property detected
[Initial Camera Point]
> Position (XYZ): -65.601 -134.561 -6.415 
> Rotation (XYZ): -66.437 83.127 0.0 
[Additional Camera Point]
> Transition Time: 11.0 
> Position (XYZ): -55.619 -23.379 43.859 
> Rotation (XYZ): -38.922 19.549 0.0 
Play Voice Line 63 for Vegeta
> Wait property detected
Play Voice Line 64 for Vegeta
> Wait property detected
[Initial Camera Point]
> Position (XYZ): -72.524 -14.033 76.325 
> Rotation (XYZ): -16.068 134.633 0.0 
[Additional Camera Point]
> Transition Time: 5.0 
> Position (XYZ): -64.343 -11.506 68.248 
> Rotation (XYZ): -6.641 134.633 0.0 
Play Voice Line 65 for SS1 Goku (End)
> Wait property detected
Disable ALL VFX

===Battle Info===
Condition: Win via K.O.
> Scene ID: 33
Condition: Win via K.O. (Opponent)
> Scene ID: 42
Condition: Wait 80 seconds
> Scene ID: 11
Condition: Immediate
> Voice Line ID: 66
Condition: Immediate
> Voice Line ID: 67
Condition: Immediate
> Voice Line ID: 68
Condition: Immediate
> Voice Line ID: 69
Condition: Immediate
> Voice Line ID: 70
Condition: Perform Dragon Homing (Opponent)
> Voice Line ID: 71
Condition: Fall into ground/water [AUTO]
> Voice Line ID: 72
Condition: Go in MAX POWER Mode (Opponent)
> Voice Line ID: 73
Condition: Go in MAX POWER Mode
> Voice Line ID: 74
Condition: Lose 1 Health Bar
> Voice Line ID: 75
Condition: Lose 2 Health Bars
> Voice Line ID: 76
Condition: Perform Dragon Homing
> Voice Line ID: 77
Condition: Perform Vanishing Attack
> Voice Line ID: 78
Condition: Hit with 1st Blast 2
> Voice Line ID: 79
Condition: Hit with 2nd Blast 2
> Voice Line ID: 80
Condition: Perform Teleport (Opponent)
> Voice Line ID: 81
Condition: Perform Burst Meteo Finisher
> Voice Line ID: 82
Condition: Taunt
> Voice Line ID: 83
Condition: Fall into ground/water (Opponent) [AUTO]
> Voice Line ID: 84
Condition: Win Normal Clash (Opponent)
> Voice Line ID: 85
Condition: Block 1st Blast 2
> Voice Line ID: 86
Condition: Perform Sonic Sway (Opponent)
> Voice Line ID: 71
Condition: Hit with Ultimate Blast
> Voice Line ID: 79
Condition: Reach Max Amount of Blast Stocks (Opponent)
> Voice Line ID: 81
Condition: Win Normal Clash (Opponent)
> Voice Line ID: 53
Condition: Win Beam Struggle (Opponent)
> Voice Line ID: 53
Condition: Hit with 1st Blast 2 (Opponent)
> Voice Line ID: 72
Condition: Hit with 2nd Blast 2 (Opponent)
> Voice Line ID: 72
Condition: Hit with Ultimate Blast (Opponent)
> Voice Line ID: 72
[Changes to Player 1 detected.]
> Add 100% more Health
Event:     Battle Finish

[Scene 11]

===Cinematic Info===
Add 1.2 s fade-out
Change Position/Rotation for Vegeta
> Position (XYZ): -51.4 0.0 61.3 
> Rotation (XYZ): 0.0 140.0 0.0 
Change Position/Rotation for Janemba
> Position (XYZ): 51.4 -58.0 -61.3 
> Rotation (XYZ): 0.0 -40.0 0.0 
Disable Aura Charge for Vegeta
[Initial Camera Point]
> Position (XYZ): -73.735 -2.305 70.442 
> Rotation (XYZ): 7.163 124.877 0.0 
[Additional Camera Point]
> Transition Time: 5.0 
> Position (XYZ): -62.58 -4.448 62.667 
> Rotation (XYZ): 15.502 124.877 0.0 
Play Animation 38_FLY.canm for Janemba
> Loop property detected
Play Animation 1_GROUND_TIRED.canm for Vegeta
> Loop property detected
Play Voice Line 91 for Vegeta
> Wait property detected
[Initial Camera Point]
> Position (XYZ): -57.344 -4.143 52.274 
> Rotation (XYZ): 22.474 44.191 0.0 
Play Voice Line 92 for SS1 Goku (End)
> Wait property detected
[Initial Camera Point]
> Position (XYZ): -46.412 -1.23 42.42 
> Rotation (XYZ): 8.319 -9.318 0.0 
[Additional Camera Point]
> Transition Time: 5.0 
> Position (XYZ): -48.121 -5.311 52.57 
> Rotation (XYZ): 38.139 -21.812 0.0 
Play Voice Line 95 for Vegeta
> Wait property detected
[Initial Camera Point]
> Position (XYZ): 53.339 -66.765 -82.881 
> Rotation (XYZ): -14.18 -22.074 0.0 
[Additional Camera Point]
> Transition Time: 5.0 
> Position (XYZ): 51.49 -80.188 -78.32 
> Rotation (XYZ): -19.332 -22.074 0.0 
Play Voice Line 98 for SS1 Goku (End)
> Wait property detected
[Initial Camera Point]
> Position (XYZ): -31.455 -3.109 15.989 
> Rotation (XYZ): -2.907 -22.568 0.0 
[Additional Camera Point]
> Transition Time: 4.0 
> Position (XYZ): -43.823 -4.581 44.206 
> Rotation (XYZ): 9.254 -25.406 0.0 
Play Animation 52_CHARGE_IN.canm for Vegeta
> Wait property detected
Play Animation 53_CHARGE_LOOP.canm for Vegeta
> Loop property detected
Enable Ki Charge for Vegeta
Play Voice Line 101 for Vegeta
> Wait property detected
[Initial Camera Point]
> Position (XYZ): -75.148 -7.29 64.3 
> Rotation (XYZ): -0.349 115.043 0.0 
Play Voice Line 102 for SS1 Goku (End)
> Wait property detected
Lower Current BG Music
BG Music:  UNKNOWN (ID: 245)
Disable ALL VFX

===Battle Info===
Condition: Win via K.O.
> Scene ID: 34
Condition: Win via K.O. (Opponent)
> Scene ID: 43
Condition: Immediate
> Voice Line ID: 103
Condition: Perform Teleport
> Voice Line ID: 104
Condition: Hit with Ultimate Blast (Opponent)
> Voice Line ID: 105
Condition: Go in MAX POWER Mode (Opponent)
> Voice Line ID: 106
Condition: Go in MAX POWER Mode
> Voice Line ID: 107
Condition: Wait 20 seconds
> Voice Line ID: 108
Condition: Hit with 1st Blast 2 (Opponent)
> Voice Line ID: 109
Condition: Hit with 2nd Blast 2 (Opponent)
> Voice Line ID: 109
Condition: Block 1st Blast 2
> Voice Line ID: 110
Condition: Block 2nd Blast 2
> Voice Line ID: 110
Condition: Win Beam Struggle (Opponent)
> Voice Line ID: 106
Condition: Win Normal Clash (Opponent)
> Voice Line ID: 106
Condition: Hit with 1st Blast 2
> Voice Line ID: 115
Condition: Hit with 2nd Blast 2
> Voice Line ID: 115
Condition: Hit with Ultimate Blast
> Voice Line ID: 115
Condition: Fall into ground/water [AUTO]
> Voice Line ID: 106
Condition: UNKNOWN(ID: 35)
> Voice Line ID: 106
[Changes to Player 1 detected.]
> Add 100% more Health
> Add 100% more Ki
> Z-Item #1: King Kai's Training
> Z-Item #2: Ultimate Warrior 1
> Z-Item #3: Attack +10
> Z-Item #4: Defense +10
[Changes to Opponent detected.]
> Set COM Difficulty Level to 7
> Z-Item #1: null
> Z-Item #2: Whis Training
> Z-Item #3: Blast Clash Weakened (Small)
> Z-Item #4: null
> Z-Item #5: null
> Z-Item #6: null
> Z-Item #7: null
Event:     Assign Fusion
Character: Super Gogeta

[Scene 30 (Victory)]

===Cinematic Info===
Change Position/Rotation for SS1 Goku (End)
> Position (XYZ): -22.0 0.0 0.0 
> Rotation (XYZ): 0.0 90.0 0.0 
Change Position/Rotation for Janemba
> Position (XYZ): 55.0 0.0 0.0 
> Rotation (XYZ): 0.0 -90.0 0.0 
Disable Aura Charge for Janemba
Disable Aura Charge for SS1 Goku (End)
[Initial Camera Point]
> Position (XYZ): 4.376 -16.27 5.148 
> Rotation (XYZ): -9.019 -103.445 0.0 
[Additional Camera Point]
> Transition Time: 3.0 
> Position (XYZ): -11.584 -16.674 -0.93 
> Rotation (XYZ): -7.578 -87.403 0.0 
Play Animation 387_WIN_LOOP.canm for SS1 Goku (End)
> Loop property detected
Play Animation 388_LOSE.canm for Janemba
> Wait property detected
Play Voice Line 34 for SS1 Goku (End)
> Wait property detected
Disable ALL VFX

===No Battle Info===

[Scene 31 (Victory) - UNUSED]

===Cinematic Info===
Change Position/Rotation for SS1 Goku (End)
> Position (XYZ): -22.0 0.0 0.0 
> Rotation (XYZ): 0.0 90.0 0.0 
Change Position/Rotation for Janemba
> Position (XYZ): 55.0 0.0 0.0 
> Rotation (XYZ): 0.0 -90.0 0.0 
Disable Aura Charge for Janemba
Disable Aura Charge for SS1 Goku (End)
[Initial Camera Point]
> Position (XYZ): -39.68 -9.077 -17.208 
> Rotation (XYZ): 3.034 65.781 0.0 
Play Animation 388_LOSE.canm for Janemba
> Wait property detected
Play Voice Line 48 for Janemba
> Wait property detected
[Initial Camera Point]
> Position (XYZ): 4.376 -16.27 5.148 
> Rotation (XYZ): -9.019 -103.445 0.0 
[Additional Camera Point]
> Transition Time: 3.0 
> Position (XYZ): -11.584 -16.674 -0.93 
> Rotation (XYZ): -7.578 -87.403 0.0 
Play Animation 386_WIN_IN.canm for SS1 Goku (End)
> Wait property detected
Play Animation 387_WIN_LOOP.canm for SS1 Goku (End)
> Loop property detected
Play Voice Line 49 for SS1 Goku (End)
> Wait property detected
Disable ALL VFX

===No Battle Info===

[Scene 32 (Victory)]

===Cinematic Info===
Change Position/Rotation for SS1 Goku (End)
> Position (XYZ): -22.0 0.0 0.0 
> Rotation (XYZ): 0.0 90.0 0.0 
Change Position/Rotation for Janemba
> Position (XYZ): 55.0 0.0 0.0 
> Rotation (XYZ): 0.0 -90.0 0.0 
Disable Aura Charge for SS1 Goku (End)
Disable Aura Charge for Janemba
[Initial Camera Point]
> Position (XYZ): 4.376 -16.27 5.148 
> Rotation (XYZ): -9.019 -103.445 0.0 
[Additional Camera Point]
> Transition Time: 4.0 
> Position (XYZ): -10.947 -13.894 0.173 
> Rotation (XYZ): 4.51 -101.782 0.0 
Play Animation 388_LOSE.canm for Janemba
Play Animation 386_WIN_IN.canm for SS1 Goku (End)
> Wait property detected
Play Animation 387_WIN_LOOP.canm for SS1 Goku (End)
> Loop property detected
Play Voice Line 60 for SS1 Goku (End)
> Wait property detected
Disable ALL VFX

===No Battle Info===

[Scene 33 (Victory)]

===Cinematic Info===
Change Position/Rotation for Vegeta
> Position (XYZ): -22.0 0.0 0.0 
> Rotation (XYZ): 0.0 90.0 0.0 
Change Position/Rotation for Janemba
> Position (XYZ): 55.0 0.0 0.0 
> Rotation (XYZ): 0.0 -90.0 0.0 
Disable Aura Charge for Vegeta
Disable Aura Charge for Janemba
[Initial Camera Point]
> Position (XYZ): 4.376 -16.27 5.148 
> Rotation (XYZ): -9.019 -103.445 0.0 
[Additional Camera Point]
> Transition Time: 4.0 
> Position (XYZ): -10.947 -13.894 0.173 
> Rotation (XYZ): 4.51 -101.782 0.0 
Play Animation 388_LOSE.canm for Janemba
Play Animation 386_WIN_IN.canm for Vegeta
> Wait property detected
Play Animation 387_WIN_LOOP.canm for Vegeta
> Loop property detected
Play Voice Line 87 for Vegeta
> Wait property detected
Disable ALL VFX

===No Battle Info===

[Scene 34 (Victory)]

===Cinematic Info===
Change Position/Rotation for Vegeta
> Position (XYZ): -22.0 0.0 0.0 
> Rotation (XYZ): 0.0 90.0 0.0 
Change Position/Rotation for Janemba
> Position (XYZ): 55.0 0.0 0.0 
> Rotation (XYZ): 0.0 -90.0 0.0 
Disable Aura Charge for Vegeta
Disable Aura Charge for Janemba
[Initial Camera Point]
> Position (XYZ): -39.68 -9.077 -17.208 
> Rotation (XYZ): 3.034 65.781 0.0 
Play Animation 388_LOSE.canm for Janemba
> Wait property detected
[Initial Camera Point]
> Position (XYZ): 4.376 -16.27 5.148 
> Rotation (XYZ): -9.019 -103.445 0.0 
[Additional Camera Point]
> Transition Time: 4.0 
> Position (XYZ): -10.947 -13.894 0.173 
> Rotation (XYZ): 4.51 -101.782 0.0 
Play Animation 386_WIN_IN.canm for Vegeta
> Wait property detected
Play Animation 387_WIN_LOOP.canm for Vegeta
> Loop property detected
Play Voice Line 110 for Vegeta
> Wait property detected
Disable ALL VFX

===No Battle Info===

[Scene 39 (Placeholder Victory)]

===Cinematic Info===
Disable ALL VFX

===No Battle Info===

[Scene 40 (Defeat)]

===Cinematic Info===
Change Position/Rotation for SS1 Goku (End)
> Position (XYZ): 33.0 0.0 -35.0 
> Rotation (XYZ): 0.0 -90.0 0.0 
Change Position/Rotation for Janemba
> Position (XYZ): -33.0 0.0 -35.0 
> Rotation (XYZ): 0.0 90.0 0.0 
Disable Aura Charge for Janemba
Disable Aura Charge for SS1 Goku (End)
[Initial Camera Point]
> Position (XYZ): 11.2 -15.499 -25.563 
> Rotation (XYZ): -5.343 -101.45 0.0 
[Additional Camera Point]
> Transition Time: 5.0 
> Position (XYZ): -2.268 -23.242 -30.778 
> Rotation (XYZ): 21.206 -97.375 0.0 
Play Animation 388_LOSE.canm for SS1 Goku (End)
Play Animation 386_WIN_IN.canm for Janemba
> Wait property detected
Play Animation 387_WIN_LOOP.canm for Janemba
> Loop property detected
Play Voice Line 50 for Janemba
> Wait property detected
Disable ALL VFX

===No Battle Info===

[Scene 41 (Defeat) - UNUSED]

===Cinematic Info===
Change Position/Rotation for SS1 Goku (End)
> Position (XYZ): -25.9 0.0 30.9 
> Rotation (XYZ): 0.0 140.0 0.0 
Change Position/Rotation for Janemba
> Position (XYZ): 25.9 -20.0 -30.9 
> Rotation (XYZ): 0.0 -40.0 0.0 
Disable Aura Charge for SS1 Goku (End)
Disable Aura Charge for Janemba
[Initial Camera Point]
> Position (XYZ): -31.079 -6.66 57.392 
> Rotation (XYZ): -2.061 157.156 0.0 
[Additional Camera Point]
> Transition Time: 6.0 
> Position (XYZ): 8.864 -25.051 -9.164 
> Rotation (XYZ): 11.172 141.098 0.0 
Play Animation 388_LOSE.canm for SS1 Goku (End)
Play Animation 386_WIN_IN.canm for Janemba
Play Animation 387_WIN_LOOP.canm for Janemba
> Loop property detected
Play Voice Line 111 for Janemba
> Wait property detected
Disable ALL VFX

===No Battle Info===

[Scene 42 (Defeat)]

===Cinematic Info===
Change Position/Rotation for Vegeta
> Position (XYZ): -25.9 0.0 30.9 
> Rotation (XYZ): 0.0 140.0 0.0 
Change Position/Rotation for Janemba
> Position (XYZ): 25.9 -20.0 -30.9 
> Rotation (XYZ): 0.0 -40.0 0.0 
Disable Aura Charge for Vegeta
Disable Aura Charge for Janemba
[Initial Camera Point]
> Position (XYZ): -31.079 -6.66 57.392 
> Rotation (XYZ): -2.061 157.156 0.0 
[Additional Camera Point]
> Transition Time: 6.0 
> Position (XYZ): 8.864 -25.051 -9.164 
> Rotation (XYZ): 11.172 141.098 0.0 
Play Animation 388_LOSE.canm for Vegeta
Play Animation 386_WIN_IN.canm for Janemba
Play Animation 387_WIN_LOOP.canm for Janemba
> Loop property detected
Play Voice Line 111 for Janemba
> Wait property detected
Disable ALL VFX

===No Battle Info===

[Scene 43 (Defeat)]

===Cinematic Info===
Change Position/Rotation for Vegeta
> Position (XYZ): -25.9 0.0 30.9 
> Rotation (XYZ): 0.0 140.0 0.0 
Change Position/Rotation for Janemba
> Position (XYZ): 25.9 -20.0 -30.9 
> Rotation (XYZ): 0.0 -40.0 0.0 
Disable Aura Charge for Vegeta
Disable Aura Charge for Janemba
[Initial Camera Point]
> Position (XYZ): -31.079 -6.66 57.392 
> Rotation (XYZ): -2.061 157.156 0.0 
[Additional Camera Point]
> Transition Time: 6.0 
> Position (XYZ): 8.864 -25.051 -9.164 
> Rotation (XYZ): 11.172 141.098 0.0 
Play Animation 388_LOSE.canm for Vegeta
Play Animation 386_WIN_IN.canm for Janemba
Play Animation 387_WIN_LOOP.canm for Janemba
> Loop property detected
Play Voice Line 111 for Janemba
> Wait property detected
Disable ALL VFX

===No Battle Info===

[Scene 44 (Defeat) - UNUSED]

===Cinematic Info===
Disable ALL VFX

===No Battle Info===

[Scene 8 - UNUSED]

===Cinematic Info===
Disable ALL VFX

===Battle Info===
Condition: Wait 20 seconds
> Scene ID: 9
Condition: Win via K.O.
> Scene ID: 32
Condition: Win via K.O. (Opponent)
> Scene ID: 41
Condition: Win Beam Struggle (Opponent)
> Voice Line ID: 53
Condition: Go in MAX POWER Mode
> Voice Line ID: 56
Condition: Lose 1 Health Bar
> Voice Line ID: 57
Condition: Go in MAX POWER Mode
> Voice Line ID: 58
Condition: Lose 2 Health Bars (Opponent) [AUTO]
> Voice Line ID: 59
Condition: Win Normal Clash (Opponent)
> Voice Line ID: 53
Condition: Fall into ground/water [AUTO]
> Voice Line ID: 106
[Changes to Player 1 detected.]
> Apply changes to Teammate 1
Event:     Switch with Teammate #1
Character: SS3 Goku (End)

[Scene 10 - UNUSED]

===Cinematic Info===
Disable ALL VFX

===Battle Info===
Condition: Wait 60 seconds
> Scene ID: 11
Condition: Win via K.O.
> Scene ID: 32
Condition: Win via K.O. (Opponent)
> Scene ID: 41
Condition: Immediate
> Voice Line ID: 91
Condition: Immediate
> Voice Line ID: 92
Condition: Immediate
> Voice Line ID: 93
Condition: Immediate
> Voice Line ID: 95
Condition: Immediate
> Voice Line ID: 96
Condition: Immediate
> Voice Line ID: 97
Condition: Immediate
> Voice Line ID: 98
Condition: Immediate
> Voice Line ID: 101
Condition: Immediate
> Voice Line ID: 102
Condition: Win Beam Struggle (Opponent)
> Voice Line ID: 53
Condition: Go in MAX POWER Mode
> Voice Line ID: 56
Condition: Lose 2 Health Bars
> Voice Line ID: 57
Condition: Go in MAX POWER Mode
> Voice Line ID: 58
Condition: Lose 2 Health Bars (Opponent) [AUTO]
> Voice Line ID: 59
Condition: Win Normal Clash (Opponent)
> Voice Line ID: 53
Condition: Fall into ground/water [AUTO]
> Voice Line ID: 106
[Changes to Player 1 detected.]
> Set current Health to 100%
[Changes to Opponent detected.]
> Set current Health to 100%
> Add 100% more Ki
Event:     Battle Finish

[Scene 12 - UNUSED]

===Cinematic Info===
Disable ALL VFX

===Battle Info===
Condition: Immediate
> Scene ID: 34
[Changes to Opponent detected.]
> Set current Health to 100%
Event:     Assign Transformation
Character: Goku (Mid)

[Scene 49 (Placeholder Defeat)]

===Cinematic Info===
Disable ALL VFX

===No Battle Info===
