[General Information]
Name: Alone for the Final Battle
Saga: Special Saga

[Rewards]
> Acquired Z-Points (from Easy to Hard)
1000
1500
2000
> Acquired Z-Items
Miracle Master
Ultimate Body
null
> Acquired Maps
null
null
null
> Acquired Characters
null
null
null
> Acquired Scenarios
null
null
null

[Battle Settings]
Map: Outer Space - Planet Vegeta
BGM: UNKNOWN (ID: 69)

[Player 1 Team]
> Teammate 1
Character: Bardock
Costume: 2
Damaged: false
COM Difficulty Level: 0
Strategy Z-Item: Goku Type
Initial Health: 100%
Z-Item #1: King Kai's Training
Z-Item #2: null
Z-Item #3: null
Z-Item #4: null
Z-Item #5: null
Z-Item #6: Dragon Break
Z-Item #7: Vanishing Break

> Teammate 3
Character: Nappa
Costume: 1
Damaged: false
COM Difficulty Level: 0
Strategy Z-Item: Goku Type
Initial Health: 100%
Z-Item #1: null
Z-Item #2: null
Z-Item #3: null
Z-Item #4: null
Z-Item #5: null
Z-Item #6: null
Z-Item #7: null

[Opponent Team]
> Teammate 1
Character: Cui
Costume: 3
Damaged: false
COM Difficulty Level: 3
Strategy Z-Item: Goku Type
Initial Health: 60%
Z-Item #1: null
Z-Item #2: null
Z-Item #3: null
Z-Item #4: null
Z-Item #5: null
Z-Item #6: null
Z-Item #7: Defense -15

> Teammate 2
Character: Cui
Costume: 2
Damaged: false
COM Difficulty Level: 4
Strategy Z-Item: Chiaotzu Type
Initial Health: 69%
Z-Item #1: null
Z-Item #2: null
Z-Item #3: null
Z-Item #4: null
Z-Item #5: null
Z-Item #6: null
Z-Item #7: Defense -15

> Teammate 3
Character: Cui
Costume: 1
Damaged: false
COM Difficulty Level: 6
Strategy Z-Item: Gohan Type
Initial Health: 69%
Z-Item #1: null
Z-Item #2: null
Z-Item #3: null
Z-Item #4: null
Z-Item #5: null
Z-Item #6: null
Z-Item #7: Defense -15

> Teammate 4
Character: Frieza - 1st Form
Costume: 1
Damaged: false
COM Difficulty Level: 9
Strategy Z-Item: Majin Buu Type
Initial Health: 100%
Z-Item #1: King Kai's Training
Z-Item #2: Attack +10
Z-Item #3: Power of Rage
Z-Item #4: null
Z-Item #5: null
Z-Item #6: Dragon Break
Z-Item #7: Vanishing Break

> Results
Teammate Count (Player 1): 2
Teammate Count (Opponent): 4

[Scene 0]

===Cinematic Info===
Change Position/Rotation for Bardock
> Position (XYZ): -20.0 0.0 50.0 
> Rotation (XYZ): 0.0 158.2 0.0 
Change Position/Rotation for Cui
> Position (XYZ): 20.0 0.0 -50.0 
> Rotation (XYZ): 0.0 -21.8 0.0 
[Initial Camera Point]
> Position (XYZ): -24.735 -2.908 -7.853 
> Rotation (XYZ): -4.157 135.451 0.0 
[Additional Camera Point]
> Transition Time: 4.5 
> Position (XYZ): 11.133 -11.35 -40.363 
> Rotation (XYZ): 0.6 134.062 0.0 
Play Animation 384_INTRO_IN.canm for Cui
Play Voice Line 0 for Cui
> Wait property detected
Play Animation 385_INTRO_LOOP.canm for Cui
> Loop property detected
[Initial Camera Point]
> Position (XYZ): -21.944 -1.722 0.702 
> Rotation (XYZ): 4.182 3.606 0.0 
[Additional Camera Point]
> Transition Time: 5.0 
> Position (XYZ): -19.6 -15.415 37.9 
> Rotation (XYZ): -9.495 3.606 0.0 
Play Animation 384_INTRO_IN.canm for Bardock
Play Voice Line 1 for Bardock
> Wait property detected
Play Animation 385_INTRO_LOOP.canm for Bardock
> Loop property detected
Disable ALL VFX

===Battle Info===
Condition: Win via K.O.
> Scene ID: 2
Condition: Win via K.O. (Opponent)
> Scene ID: 40
Condition: Immediate
> Voice Line ID: 4
Condition: Immediate
> Voice Line ID: 14
Condition: Perform Dragon Homing
> Voice Line ID: 22
Condition: Perform Dash Smash
> Voice Line ID: 22
Condition: Perform Normal Clash
> Voice Line ID: 16
Condition: Go in MAX POWER Mode
> Voice Line ID: 5
Condition: Fall into ground/water [AUTO]
> Voice Line ID: 6
Condition: Perform Aerial Clash
> Voice Line ID: 16
Condition: Perform Vanishing Attack
> Voice Line ID: 7
Condition: Lose 1 Health Bar (Opponent) [AUTO]
> Voice Line ID: 20
Condition: Perform Throw
> Voice Line ID: 8
Condition: Perform Teleport (Opponent)
> Voice Line ID: 9
Condition: Perform Z-Counter (Opponent)
> Voice Line ID: 9
Condition: Perform 1st Blast 2 (Opponent)
> Voice Line ID: 10
Condition: Perform 2nd Blast 2 (Opponent)
> Voice Line ID: 10
Condition: Go in MAX POWER Mode (Opponent)
> Voice Line ID: 10
Condition: Hit with Charged Ki Blast
> Voice Line ID: 11
Condition: Hit with 1st Blast 2
> Voice Line ID: 12
Condition: Hit with 2nd Blast 2
> Voice Line ID: 12
Event:     Battle Finish

[Scene 1 - UNUSED]

===Cinematic Info===
Disable ALL VFX

===Battle Info===
Condition: Win via K.O.
> Scene ID: 2
Condition: Win via K.O. (Opponent)
> Scene ID: 41
Condition: Immediate
> Voice Line ID: 14
Condition: Lose 1 Health Bar (Opponent) [AUTO]
> Voice Line ID: 15
Condition: Go in MAX POWER Mode (Opponent)
> Voice Line ID: 16
Condition: Go in MAX POWER Mode
> Voice Line ID: 5
Condition: Fall into ground/water [AUTO]
> Voice Line ID: 6
Condition: Perform Vanishing Attack
> Voice Line ID: 7
Condition: Lose 2 Health Bars (Opponent) [AUTO]
> Voice Line ID: 20
Condition: Lose 1 Health Bar
> Voice Line ID: 21
Condition: Hit with 1st Blast 2
> Voice Line ID: 22
Condition: Hit with 2nd Blast 2
> Voice Line ID: 22
Condition: Hit with Charged Ki Blast
> Voice Line ID: 23
Condition: Perform Rush Attack
> Voice Line ID: 24
[Changes to Opponent detected.]
> Set current Health to 100%
Event:     Battle Finish

[Scene 2]

===Cinematic Info===
Disable ALL VFX

===Battle Info===
Condition: Win via K.O.
> Scene ID: 3
Condition: Win via K.O. (Opponent)
> Scene ID: 42
Condition: Immediate
> Voice Line ID: 27
Condition: Hit with 1st Blast 2
> Voice Line ID: 38
Condition: Hit with 2nd Blast 2
> Voice Line ID: 38
Condition: Go in MAX POWER Mode
> Voice Line ID: 5
Condition: Hit with 1st Blast 2 (Opponent)
> Voice Line ID: 6
Condition: Perform Dragon Homing
> Voice Line ID: 32
Condition: Perform Vanishing Attack
> Voice Line ID: 7
Condition: Perform Hyper Smash
> Voice Line ID: 7
Condition: Perform Sonic Sway
> Voice Line ID: 32
Condition: Lose 2 Health Bars (Opponent) [AUTO]
> Voice Line ID: 33
Condition: Go in MAX POWER Mode (Opponent)
> Voice Line ID: 34
Condition: Hit with 2nd Blast 2 (Opponent)
> Voice Line ID: 6
Condition: Perform Dragon Homing (Opponent)
> Voice Line ID: 35
Condition: Perform Vanishing Attack (Opponent)
> Voice Line ID: 35
Condition: Perform Rush Attack (Opponent)
> Voice Line ID: 31
Condition: Fall into ground/water (Opponent) [AUTO]
> Voice Line ID: 22
Condition: UNKNOWN(ID: 35) (Opponent)
> Voice Line ID: 22
[Changes to Opponent detected.]
> Apply changes to Teammate 2
Event:     Switch with Teammate #2 (Opponent) [AUTO]
Character: Goten (GT)

[Scene 3]

===Cinematic Info===
Disable ALL VFX

===Battle Info===
Condition: Win via K.O.
> Scene ID: 4
Condition: Win via K.O. (Opponent)
> Scene ID: 43
Condition: Immediate
> Voice Line ID: 46
Condition: Perform Dragon Homing
> Voice Line ID: 7
Condition: UNKNOWN(ID: 53)
> Voice Line ID: 53
Condition: Perform Hyper Smash
> Voice Line ID: 7
Condition: Perform 1st Blast 2
> Voice Line ID: 45
Condition: Perform 2nd Blast 2
> Voice Line ID: 45
Condition: Perform Ultimate Blast
> Voice Line ID: 45
Condition: Go in MAX POWER Mode (Opponent)
> Voice Line ID: 46
Condition: Lose 2 Health Bars (Opponent) [AUTO]
> Voice Line ID: 47
Condition: Perform Throw
> Voice Line ID: 53
Condition: Perform Dragon Homing (Opponent)
> Voice Line ID: 49
Condition: Perform Vanishing Attack (Opponent)
> Voice Line ID: 49
Condition: Hit with 1st Blast 2 (Opponent)
> Voice Line ID: 50
Condition: Perform Teleport
> Voice Line ID: 51
Condition: Perform Z-Counter
> Voice Line ID: 51
Condition: Perform Teleport (Opponent)
> Voice Line ID: 51
Condition: Perform Z-Counter (Opponent)
> Voice Line ID: 51
Condition: Win Normal Clash
> Voice Line ID: 52
Condition: Fall into ground/water (Opponent) [AUTO]
> Voice Line ID: 48
Condition: Perform Guard Crush
> Voice Line ID: 48
Condition: Hit with 2nd Blast 2 (Opponent)
> Voice Line ID: 50
[Changes to Opponent detected.]
> Apply changes to Teammate 3
Event:     Switch with Teammate #3 (Opponent) [AUTO]
Character: Gogeta

[Scene 4]

===Cinematic Info===
Disable ALL VFX

===Battle Info===
Condition: Immediate
> Scene ID: 5
[Changes to Opponent detected.]
> Apply changes to Teammate 4
Event:     Switch with Teammate #4 (Opponent) [AUTO]
Character: Frieza - 1st Form

[Scene 5]

===Cinematic Info===
Add 1.2 s fade-out
Change Position/Rotation for Bardock
> Position (XYZ): -20.0 0.0 50.0 
> Rotation (XYZ): 0.0 158.2 0.0 
Change Position/Rotation for Frieza - 1st Form
> Position (XYZ): 20.0 0.0 -50.0 
> Rotation (XYZ): 0.0 -21.8 0.0 
[Initial Camera Point]
> Position (XYZ): 22.232 -3.631 -32.681 
> Rotation (XYZ): 4.621 -171.72 0.0 
[Additional Camera Point]
> Transition Time: 4.5 
> Position (XYZ): 20.616 -7.93 -44.627 
> Rotation (XYZ): 18.011 -174.599 0.0 
Play Voice Line 2 for Frieza - 1st Form
> Wait property detected
[Initial Camera Point]
> Position (XYZ): -11.959 -0.898 34.205 
> Rotation (XYZ): 34.162 -27.235 0.0 
[Additional Camera Point]
> Transition Time: 4.0 
> Position (XYZ): -17.666 -15.772 39.319 
> Rotation (XYZ): -16.266 -17.969 0.0 
Play Animation 0_GROUND.canm for Bardock
> Loop property detected
Play Animation 0_GROUND.canm for Frieza - 1st Form
> Loop property detected
Play Voice Line 56 for Bardock
> Wait property detected
Shake Camera for 1.0 seconds
Lower Current BG Music
BG Music:  UNKNOWN (ID: 221)
Play Voice Line 57 for Bardock
> Wait property detected
[Initial Camera Point]
> Position (XYZ): 11.126 -15.002 16.629 
> Rotation (XYZ): -17.147 -48.563 0.0 
[Additional Camera Point]
> Transition Time: 4.0 
> Position (XYZ): -9.009 -8.635 34.403 
> Rotation (XYZ): -6.753 -39.802 0.0 
Play Animation 52_CHARGE_IN.canm for Bardock
> Wait property detected
Enable Ki Charge for Bardock
Shake Camera for 1.2 seconds
Play Animation 53_CHARGE_LOOP.canm for Bardock
> Loop property detected
Play Voice Line 58 for Bardock
> Wait property detected
Enable MPM Explosion for Bardock
Play Animation 54_CHARGE_MAX.canm for Bardock
> Wait property detected
Wait 1.5 seconds
Disable ALL VFX

===Battle Info===
Condition: Wait 25 seconds
> Scene ID: 6
Condition: Win via K.O.
> Scene ID: 30
Condition: Win via K.O. (Opponent)
> Scene ID: 44
Condition: Immediate
> Voice Line ID: 59
Condition: Immediate
> Voice Line ID: 60
Condition: Immediate
> Voice Line ID: 61
Condition: Immediate
> Voice Line ID: 62
Condition: Immediate
> Voice Line ID: 63
Condition: Perform Sonic Sway (Opponent)
> Voice Line ID: 65
Condition: Perform Dash Smash
> Voice Line ID: 66
Condition: UNKNOWN(ID: 53)
> Voice Line ID: 66
Condition: Go in MAX POWER Mode
> Voice Line ID: 67
Condition: Perform Throw (Opponent)
> Voice Line ID: 68
Condition: Perform Teleport
> Voice Line ID: 69
Condition: Perform Z-Counter
> Voice Line ID: 69
Condition: Perform Fully Charged Down Smash Attack
> Voice Line ID: 70
Condition: Lose 1 Health Bar (Opponent) [AUTO]
> Voice Line ID: 71
Condition: Lose 3 Health Bars (Opponent) [AUTO]
> Voice Line ID: 72
Condition: Perform Fully Charged Neutral Smash Attack
> Voice Line ID: 70
Condition: Perform Rush Attack (Opponent)
> Voice Line ID: 73
Condition: Perform Dragon Homing (Opponent)
> Voice Line ID: 74
Condition: Perform Vanishing Attack (Opponent)
> Voice Line ID: 74
Condition: Perform Sonic Sway
> Voice Line ID: 75
Condition: Hit with 1st Blast 2 (Opponent)
> Voice Line ID: 76
Condition: Hit with 2nd Blast 2 (Opponent)
> Voice Line ID: 76
Condition: Perform Fully Charged Left Smash Attack
> Voice Line ID: 77
Condition: Perform Fully Charged Right Smash Attack
> Voice Line ID: 77
Condition: Hit with 1st Blast 2
> Voice Line ID: 78
Condition: Hit with 2nd Blast 2
> Voice Line ID: 78
Condition: Hit with Ultimate Blast
> Voice Line ID: 79
[Changes to Player 1 detected.]
> Add 100% more Health
> Add 100% more Ki
> Add 1% more Ki
Event:     Normal Clash

[Scene 6]

===Cinematic Info===
Add 1.2 s fade-out
Change Position/Rotation for Bardock
> Position (XYZ): -160.0 -35.0 -35.0 
> Rotation (XYZ): 0.0 90.0 0.0 
Change Position/Rotation for Frieza - 1st Form
> Position (XYZ): 160.0 -35.0 -35.0 
> Rotation (XYZ): 0.0 -90.0 0.0 
Play Animation 330_SKILL_005_CHARGE.canm for Frieza - 1st Form
> Loop property detected
Play Animation 330_SKILL_005_CHARGE.canm for Bardock
> Loop property detected
Enable Ki Charge for Bardock
[Initial Camera Point]
> Position (XYZ): -111.997 -43.721 -35.128 
> Rotation (XYZ): -0.19 -90.724 0.0 
[Additional Camera Point]
> Transition Time: 2.0 
> Position (XYZ): -143.666 -46.394 -35.359 
> Rotation (XYZ): 2.797 -90.007 0.0 
Play Voice Line 64 for Bardock
> Wait property detected
Disable ALL VFX

===Battle Info===
Condition: Win via K.O.
> Scene ID: 30
Condition: Win via K.O. (Opponent)
> Scene ID: 31
Condition: Perform Ultimate Blast (Opponent)
> Voice Line ID: 65
[Changes to Player 1 detected.]
> Z-Item #7: Blast Clash Weakened (Large)
[Changes to Opponent detected.]
> Add 100% more Ki
> Add 1% more Ki
> Z-Item #7: Go To Hell
Event:     Beam Struggle between Player 1 and the COM's Ultimate Blasts

[Scene 30 (Victory)]

===Cinematic Info===
Change Position/Rotation for Bardock
> Position (XYZ): -12.6 0.0 31.4 
> Rotation (XYZ): 0.0 158.2 0.0 
Change Position/Rotation for Frieza - 1st Form
> Position (XYZ): 12.6 0.0 -31.4 
> Rotation (XYZ): 0.0 -21.8 0.0 
Disable Aura Charge for Frieza - 1st Form
Disable Aura Charge for Bardock
[Initial Camera Point]
> Position (XYZ): 33.672 -10.855 -36.883 
> Rotation (XYZ): -9.86 -36.903 0.0 
[Additional Camera Point]
> Transition Time: 5.0 
> Position (XYZ): -1.905 -17.321 12.529 
> Rotation (XYZ): -21.403 -28.228 0.0 
Play Animation 388_LOSE.canm for Frieza - 1st Form
Play Animation 386_WIN_IN.canm for Bardock
> Wait property detected
Play Animation 387_WIN_LOOP.canm for Bardock
> Loop property detected
Play Voice Line 80 for Bardock
> Wait property detected
[Initial Camera Point]
> Position (XYZ): -3.252 -7.517 22.968 
> Rotation (XYZ): 28.798 -62.386 0.0 
[Additional Camera Point]
> Transition Time: 5.0 
> Position (XYZ): -3.252 -7.517 22.968 
> Rotation (XYZ): 28.798 -62.386 0.0 
[Additional Camera Point]
> Transition Time: 6.0 
> Position (XYZ): -1.905 -17.321 12.529 
> Rotation (XYZ): -21.403 -28.228 0.0 
Play Voice Line 81 for Bardock
> Wait property detected
Disable ALL VFX

===No Battle Info===

[Scene 31 (Victory)]

===Cinematic Info===
Change Position/Rotation for Bardock
> Position (XYZ): -12.6 0.0 31.4 
> Rotation (XYZ): 0.0 158.2 0.0 
Change Position/Rotation for Frieza - 1st Form
> Position (XYZ): 12.6 0.0 -31.4 
> Rotation (XYZ): 0.0 -21.8 0.0 
Disable Aura Charge for Frieza - 1st Form
Disable Aura Charge for Bardock
[Initial Camera Point]
> Position (XYZ): 13.27 -0.289 -9.403 
> Rotation (XYZ): 16.97 -176.776 0.0 
[Additional Camera Point]
> Transition Time: 17.0 
> Position (XYZ): 12.405 -10.036 -24.76 
> Rotation (XYZ): 7.492 -176.776 0.0 
Play Animation 386_WIN_IN.canm for Frieza - 1st Form
> Wait property detected
Play Animation 387_WIN_LOOP.canm for Frieza - 1st Form
> Loop property detected
Play Voice Line 82 for Frieza - 1st Form
> Wait property detected
Play Voice Line 83 for Frieza - 1st Form
> Wait property detected
Play Voice Line 84 for Frieza - 1st Form
> Wait property detected
[Initial Camera Point]
> Position (XYZ): -3.226 -2.627 8.902 
> Rotation (XYZ): 9.125 -21.275 0.0 
[Additional Camera Point]
> Transition Time: 14.0 
> Position (XYZ): -3.929 -11.565 23.413 
> Rotation (XYZ): -14.271 -74.077 0.0 
Play Animation 1_GROUND_TIRED.canm for Bardock
> Loop property detected
Play Voice Line 85 for Bardock
> Wait property detected
Play Voice Line 86 for Bardock
> Wait property detected
[Initial Camera Point]
> Position (XYZ): 5.073 -3.516 2.207 
> Rotation (XYZ): 8.426 -47.564 0.0 
[Additional Camera Point]
> Transition Time: 3.0 
> Position (XYZ): 16.735 -28.024 -8.455 
> Rotation (XYZ): -35.902 -47.564 0.0 
Play Animation 388_LOSE.canm for Bardock
> Wait property detected
Disable ALL VFX

===No Battle Info===

[Scene 40 (Defeat)]

===Cinematic Info===
Change Position/Rotation for Bardock
> Position (XYZ): -8.9 0.0 22.1 
> Rotation (XYZ): 0.0 158.2 0.0 
Change Position/Rotation for Cui
> Position (XYZ): 8.9 0.0 -22.1 
> Rotation (XYZ): 0.0 -21.8 0.0 
Disable Aura Charge for Cui
Disable Aura Charge for Bardock
[Initial Camera Point]
> Position (XYZ): -19.309 -17.108 24.48 
> Rotation (XYZ): -28.945 142.585 0.0 
Play Animation 388_LOSE.canm for Bardock
Play Animation 386_WIN_IN.canm for Cui
> Wait property detected
Play Animation 387_WIN_LOOP.canm for Cui
> Loop property detected
Play Voice Line 13 for Cui
> Wait property detected
Disable ALL VFX

===No Battle Info===

[Scene 41 (Defeat)]

===Cinematic Info===
Disable ALL VFX

===No Battle Info===

[Scene 42 (Defeat)]

===Cinematic Info===
Change Position/Rotation for Bardock
> Position (XYZ): -8.9 0.0 22.1 
> Rotation (XYZ): 0.0 158.2 0.0 
Change Position/Rotation for Cui
> Position (XYZ): 8.9 0.0 -22.1 
> Rotation (XYZ): 0.0 -21.8 0.0 
Disable Aura Charge for Cui
Disable Aura Charge for Bardock
[Initial Camera Point]
> Position (XYZ): -19.309 -17.108 24.48 
> Rotation (XYZ): -28.945 142.585 0.0 
Play Animation 388_LOSE.canm for Bardock
Play Animation 386_WIN_IN.canm for Cui
> Wait property detected
Play Animation 387_WIN_LOOP.canm for Cui
> Loop property detected
Play Voice Line 39 for Cui
> Wait property detected
Disable ALL VFX

===No Battle Info===

[Scene 43 (Defeat)]

===Cinematic Info===
Change Position/Rotation for Bardock
> Position (XYZ): -8.9 0.0 22.1 
> Rotation (XYZ): 0.0 158.2 0.0 
Change Position/Rotation for Cui
> Position (XYZ): 8.9 0.0 -22.1 
> Rotation (XYZ): 0.0 -21.8 0.0 
Disable Aura Charge for Cui
Disable Aura Charge for Bardock
[Initial Camera Point]
> Position (XYZ): -19.309 -17.108 24.48 
> Rotation (XYZ): -28.945 142.585 0.0 
Play Animation 388_LOSE.canm for Bardock
Play Animation 386_WIN_IN.canm for Cui
> Wait property detected
Play Animation 387_WIN_LOOP.canm for Cui
> Loop property detected
Play Voice Line 73 for Frieza - 1st Form
> Wait property detected
Disable ALL VFX

===No Battle Info===

[Scene 44 (Defeat)]

===Cinematic Info===
Change Position/Rotation for Bardock
> Position (XYZ): -12.6 0.0 31.4 
> Rotation (XYZ): 0.0 158.2 0.0 
Change Position/Rotation for Frieza - 1st Form
> Position (XYZ): 12.6 0.0 -31.4 
> Rotation (XYZ): 0.0 -21.8 0.0 
Disable Aura Charge for Frieza - 1st Form
Disable Aura Charge for Bardock
[Initial Camera Point]
> Position (XYZ): 13.27 -0.289 -9.403 
> Rotation (XYZ): 16.97 -176.776 0.0 
[Additional Camera Point]
> Transition Time: 17.0 
> Position (XYZ): 12.405 -10.036 -24.76 
> Rotation (XYZ): 7.492 -176.776 0.0 
Play Animation 386_WIN_IN.canm for Frieza - 1st Form
> Wait property detected
Play Animation 387_WIN_LOOP.canm for Frieza - 1st Form
> Loop property detected
Play Voice Line 82 for Frieza - 1st Form
> Wait property detected
Play Voice Line 83 for Frieza - 1st Form
> Wait property detected
Play Voice Line 84 for Frieza - 1st Form
> Wait property detected
[Initial Camera Point]
> Position (XYZ): -3.226 -2.627 8.902 
> Rotation (XYZ): 9.125 -21.275 0.0 
[Additional Camera Point]
> Transition Time: 14.0 
> Position (XYZ): -3.929 -11.565 23.413 
> Rotation (XYZ): -14.271 -74.077 0.0 
Play Animation 1_GROUND_TIRED.canm for Bardock
> Loop property detected
Play Voice Line 85 for Bardock
> Wait property detected
Play Voice Line 86 for Bardock
> Wait property detected
[Initial Camera Point]
> Position (XYZ): 5.073 -3.516 2.207 
> Rotation (XYZ): 8.426 -47.564 0.0 
[Additional Camera Point]
> Transition Time: 3.0 
> Position (XYZ): 16.735 -28.024 -8.455 
> Rotation (XYZ): -35.902 -47.564 0.0 
Play Animation 388_LOSE.canm for Bardock
> Wait property detected
Disable ALL VFX

===No Battle Info===
