[General Information]
Name: Goku Awakens
Saga: Dragon Ball Super Saga

[Rewards]
> Acquired Z-Points (from Easy to Hard)
1500
2000
2500
> Acquired Z-Items
Style of the Strong
null
null
> Acquired Maps
null
null
null
> Acquired Characters
Dr. Wheelo
null
null
> Acquired Scenarios
The Sign of a Comeback
null
null

[Battle Settings]
Map: Tournament of Power
BGM: UNKNOWN (ID: 26)

[Player 1 Team]
> Teammate 1
Character: null
Costume: 1
Damaged: false
COM Difficulty Level: 0
Strategy Z-Item: Goku Type
Initial Health: 100%
Z-Item #1: Whis Training
Z-Item #2: Attack +8
Z-Item #3: Sturdy Clothes
Z-Item #4: null
Z-Item #5: null
Z-Item #6: null
Z-Item #7: null

> Teammate 2
Character: Hit
Costume: 1
Damaged: false
COM Difficulty Level: 0
Strategy Z-Item: Goku Type
Initial Health: 100%
Z-Item #1: Whis Training
Z-Item #2: Attack +8
Z-Item #3: null
Z-Item #4: null
Z-Item #5: null
Z-Item #6: null
Z-Item #7: null

[Opponent Team]
> Teammate 1
Character: Jiren
Costume: 1
Damaged: false
COM Difficulty Level: 10
Strategy Z-Item: Goku Type
Initial Health: 100%
Z-Item #1: Whis Training
Z-Item #2: Attack +8
Z-Item #3: Attack +15
Z-Item #4: null
Z-Item #5: null
Z-Item #6: null
Z-Item #7: null

> Teammate 2
Character: Top
Costume: 1
Damaged: false
COM Difficulty Level: 10
Strategy Z-Item: Goku Type
Initial Health: 50%
Z-Item #1: Whis Training
Z-Item #2: Attack +8
Z-Item #3: null
Z-Item #4: null
Z-Item #5: null
Z-Item #6: null
Z-Item #7: null

> Results
Teammate Count (Player 1): 2
Teammate Count (Opponent): 2

[Scene 0]

===Cinematic Info===
Add 1.2 s fade-out
Change Position/Rotation for Jiren
> Position (XYZ): 58.0 0.0 0.0 
> Rotation (XYZ): 0.0 -90.0 0.0 
Play Animation 1_GROUND_TIRED.canm for null
> Loop property detected
Play Animation 413_STAND_LOOP.canm for Jiren
> Loop property detected
[Initial Camera Point]
> Position (XYZ): -51.827 -52.7 -12.855 
> Rotation (XYZ): -20.038 70.94 0.0 
[Additional Camera Point]
> Transition Time: 9.0 
> Position (XYZ): 38.422 -16.683 -8.223 
> Rotation (XYZ): -11.418 70.94 0.0 
Change Position/Rotation for null
> Position (XYZ): -25.0 -128.0 0.0 
> Rotation (XYZ): 0.0 90.0 0.0 
Play Animation 1_GROUND_TIRED.canm for null
> Wait property detected
Play Voice Line 0 for Background Character
> Wait property detected
Play Voice Line 1 for Background Character
> Wait property detected
[Initial Camera Point]
> Position (XYZ): -16.188 -2.044 -1.09 
> Rotation (XYZ): -3.28 -80.06 0.0 
[Additional Camera Point]
> Transition Time: 9.0 
> Position (XYZ): -14.533 -13.3655 -1.122 
> Rotation (XYZ): -3.28 -80.06 0.0 
Change Position/Rotation for null
> Position (XYZ): -25.0 0.0 0.0 
> Rotation (XYZ): 0.0 90.0 0.0 
Enable Ki Charge for null
Play Voice Line 2 for Background Character
> Wait property detected
Play Voice Line 3 for Background Character
> Wait property detected
[Initial Camera Point]
> Position (XYZ): 64.417 -67.214 -56.724 
> Rotation (XYZ): -36.944 -36.691 0.0 
[Additional Camera Point]
> Transition Time: 24.0 
> Position (XYZ): 3.495 -11.103 0.857 
> Rotation (XYZ): -2.056 -89.915 0.0 
Play Voice Line 4 for Background Character
> Wait property detected
Play Voice Line 5 for Background Character
> Wait property detected
Play Voice Line 6 for Background Character
> Wait property detected
[Initial Camera Point]
> Position (XYZ): -12.04 -11.739 -10.708 
> Rotation (XYZ): 8.763 -47.733 0.0 
[Additional Camera Point]
> Transition Time: 8.0 
> Position (XYZ): -10.657 -10.0115 4.274 
> Rotation (XYZ): 8.763 -106.5 0.0 
Play Voice Line 7 for Background Character
> Wait property detected
Lower Current BG Music
BG Music:  UNKNOWN (ID: 213)
Disable ALL VFX

===Battle Info===
Condition: Lose 4 Health Bars (Opponent) [AUTO]
> Scene ID: 1
Condition: Win via K.O.
> Scene ID: 39
Condition: Win via K.O. (Opponent)
> Scene ID: 49
Condition: Immediate
> Voice Line ID: 8
Condition: Immediate
> Voice Line ID: 9
Condition: Immediate
> Voice Line ID: 10
Condition: Immediate
> Voice Line ID: 11
Condition: Immediate
> Voice Line ID: 12
Condition: Immediate
> Voice Line ID: 13
Condition: Immediate
> Voice Line ID: 14
[Changes to Player 1 detected.]
> Z-Item #7: Absolutely Invincible Body
Event:     Battle Finish

[Scene 1]

===Cinematic Info===
Disable ALL VFX

===Battle Info===
Condition: Immediate
> Scene ID: 2
Condition: Win via K.O.
> Scene ID: 39
Condition: Win via K.O. (Opponent)
> Scene ID: 49
Event:     Switch with Teammate #2 (Opponent) [AUTO]
Character: Top

[Scene 2]

===Cinematic Info===
Change Position/Rotation for null
> Position (XYZ): 41.4 0.0 -40.6 
> Rotation (XYZ): 0.0 -40.8 0.0 
Change Position/Rotation for Jiren
> Position (XYZ): -45.2 -0.7 101.9 
> Rotation (XYZ): 0.0 154.6 0.0 
Play Animation 0_GROUND.canm for null
> Loop property detected
Disable Aura Charge for null
Enable Ki Charge for null
[Initial Camera Point]
> Position (XYZ): -38.566 -7.912 81.332 
> Rotation (XYZ): 21.678 -21.074 0.0 
[Additional Camera Point]
> Transition Time: 5.5 
> Position (XYZ): -40.046 -20.771 84.97 
> Rotation (XYZ): -7.359 -20.578 0.0 
Play Animation 0_GROUND.canm for Top
> Loop property detected
Play Voice Line 15 for Top
> Wait property detected
[Initial Camera Point]
> Position (XYZ): 30.841 -0.8 -11.757 
> Rotation (XYZ): 9.755 160.164 0.0 
[Additional Camera Point]
> Transition Time: 5.0 
> Position (XYZ): 32.612 -8.329 -27.453 
> Rotation (XYZ): 9.419 144.007 0.0 
Play Animation 1_GROUND_TIRED.canm for null
> Wait property detected
Wait 1.0 seconds
Disable ALL VFX

===Battle Info===
Condition: Win via K.O.
> Scene ID: 3
Condition: Win via K.O. (Opponent)
> Scene ID: 49
Condition: Immediate
> Voice Line ID: 16
Condition: Immediate
> Voice Line ID: 17
[Changes to Player 1 detected.]
> Z-Item #5: Attack +40
Event:     Battle Finish

[Scene 3]

===Cinematic Info===
Add 1.2 s fade-out
Change Position/Rotation for null
> Position (XYZ): -55.0 0.0 -4.5 
> Rotation (XYZ): 0.0 -176.0 0.0 
Change Position/Rotation for Jiren
> Position (XYZ): 88.0 0.0 0.0 
> Rotation (XYZ): 0.0 -90.0 0.0 
Play Animation 0_GROUND.canm for null
> Loop property detected
Play Animation 0_GROUND.canm for Top
> Loop property detected
Disable Aura Charge for null
Disable Aura Charge for Jiren
[Initial Camera Point]
> Position (XYZ): 54.522 -32.04 -5.035 
> Rotation (XYZ): -32.106 78.498 0.0 
[Additional Camera Point]
> Transition Time: 5.0 
> Position (XYZ): 70.905 -20.677 -0.073 
> Rotation (XYZ): -9.794 86.135 0.0 
Play Voice Line 18 for Top
> Wait property detected
Play Voice Line 19 for Top
> Wait property detected
[Initial Camera Point]
> Position (XYZ): -82.745 -25.886 -10.236 
> Rotation (XYZ): -20.41 83.872 0.0 
[Additional Camera Point]
> Transition Time: 6.0 
> Position (XYZ): -69.328 -11.139 -16.089 
> Rotation (XYZ): -1.528 75.82 0.0 
Shake Camera for 0.5 seconds
Play Animation 261_SKILL_003_IN.canm for Top
> Wait property detected
Play Animation 262_SKILL_003_CHARGE.canm for Top
> Loop property detected
Play Animation 286_SKILL_003_EVENT_3.canm for null
> Wait property detected
Play Animation 287_SKILL_003_EVENT_4.canm for null
> Loop property detected
Wait 2.015625 seconds
[Initial Camera Point]
> Position (XYZ): 70.497 -12.6075 -3.191 
> Rotation (XYZ): 14.402 75.732 0.0 
Play Animation 0_GROUND.canm for Top
> Loop property detected
Play Voice Line 20 for Top
> Wait property detected
Play Voice Line 21 for Top
> Wait property detected
Disable ALL VFX

===Battle Info===
Condition: Immediate
> Scene ID: 4
Condition: Win via K.O.
> Scene ID: 39
Condition: Win via K.O. (Opponent)
> Scene ID: 49
[Changes to Opponent detected.]
> Add 100% more Health
Event:     Switch with Teammate #1 (Opponent) [AUTO]
Character: Jiren

[Scene 4]

===Cinematic Info===
Add 1.2 s fade-out
Change Position/Rotation for Jiren
> Position (XYZ): -55.0 0.0 0.0 
> Rotation (XYZ): 0.0 90.0 0.0 
Change Position/Rotation for null
> Position (XYZ): 88.0 0.0 0.0 
> Rotation (XYZ): 0.0 -90.0 0.0 
Play Animation 0_GROUND.canm for Jiren
> Loop property detected
Disable Aura Charge for null
Disable Aura Charge for Jiren
[Initial Camera Point]
> Position (XYZ): 0.408 -8.123 69.486 
> Rotation (XYZ): 0.242 127.831 0.0 
Shake Camera for 0.5 seconds
[Additional Camera Point]
> Transition Time: 2.015625 
> Position (XYZ): 59.3555 -8.499 14.891 
> Rotation (XYZ): 0.242 127.831 0.0 
Play Animation 286_SKILL_003_EVENT_3.canm for null
> Wait property detected
Play Animation 287_SKILL_003_EVENT_4.canm for null
> Loop property detected
Wait 2.015625 seconds
[Initial Camera Point]
> Position (XYZ): -35.277 -3.138 4.004 
> Rotation (XYZ): 20.983 -104.64 0.0 
[Additional Camera Point]
> Transition Time: 2.015625 
> Position (XYZ): 59.3555 -8.499 14.891 
> Rotation (XYZ): 0.242 127.831 0.0 
[Additional Camera Point]
> Transition Time: 1.0 
> Position (XYZ): -46.384 -14.113 1.102 
> Rotation (XYZ): 32.641 -104.64 0.0 
> Wait property detected
Wait 1.5 seconds
Disable ALL VFX

===Battle Info===
Condition: Lose 6 Health Bars (Opponent) [AUTO]
> Scene ID: 5
Condition: Win via K.O.
> Scene ID: 5
Condition: Win via K.O. (Opponent)
> Scene ID: 49
Condition: Immediate
> Voice Line ID: 22
Condition: Immediate
> Voice Line ID: 23
Condition: Immediate
> Voice Line ID: 24
Condition: Immediate
> Voice Line ID: 25
Condition: Immediate
> Voice Line ID: 26
Condition: Immediate
> Voice Line ID: 27
Condition: Immediate
> Voice Line ID: 28
Condition: Immediate
> Voice Line ID: 29
Condition: Immediate
> Voice Line ID: 30
Condition: Immediate
> Voice Line ID: 31
Condition: Immediate
> Voice Line ID: 32
[Changes to Player 1 detected.]
> Z-Item #7: null
> Z-Item #5: Attack +10
[Changes to Opponent detected.]
> Add 100% more Health
Event:     Aerial Clash

[Scene 5]

===Cinematic Info===
Change Position/Rotation for null
> Position (XYZ): 88.0 0.0 0.0 
> Rotation (XYZ): 0.0 -90.0 0.0 
Change Position/Rotation for Jiren
> Position (XYZ): -88.0 0.0 0.0 
> Rotation (XYZ): 0.0 90.0 0.0 
Play Animation 1_GROUND_TIRED.canm for null
> Loop property detected
Play Animation 413_STAND_LOOP.canm for Jiren
> Loop property detected
[Initial Camera Point]
> Position (XYZ): 79.14 -9.281 -4.16 
> Rotation (XYZ): 19.591 59.42 0.0 
[Additional Camera Point]
> Transition Time: 8.0 
> Position (XYZ): 68.495 -4.661 -10.45 
> Rotation (XYZ): 12.901 59.42 0.0 
Enable Ki Charge for null
Play Animation 1_GROUND_TIRED.canm for null
> Wait property detected
Play Voice Line 33 for Background Character
> Wait property detected
Lower Current BG Music
BG Music:  UNKNOWN (ID: 224)
Play Voice Line 34 for Background Character
> Wait property detected
[Initial Camera Point]
> Position (XYZ): 76.144 -15.89 -11.006 
> Rotation (XYZ): -22.353 34.636 0.0 
[Additional Camera Point]
> Transition Time: 12.0 
> Position (XYZ): 74.193 -10.3055 -4.569 
> Rotation (XYZ): 3.955 68.477 0.0 
Play Voice Line 35 for Background Character
> Wait property detected
Play Voice Line 36 for Background Character
> Wait property detected
Disable ALL VFX

===Battle Info===
Condition: Lose 6 Health Bars (Opponent) [AUTO]
> Scene ID: 6
Condition: Win via K.O.
> Scene ID: 39
Condition: Win via K.O. (Opponent)
> Scene ID: 49
Condition: Immediate
> Voice Line ID: 37
Condition: Immediate
> Voice Line ID: 38
Condition: Immediate
> Voice Line ID: 39
Condition: Immediate
> Voice Line ID: 40
Condition: Immediate
> Voice Line ID: 41
Condition: Immediate
> Voice Line ID: 42
Condition: Immediate
> Voice Line ID: 43
[Changes to Player 1 detected.]
> Add 100% more Health
[Changes to Opponent detected.]
> Add 100% more Health
Event:     Battle Finish

[Scene 6]

===Cinematic Info===
Change Position/Rotation for Jiren
> Position (XYZ): 65.0 -15.0 -35.0 
> Rotation (XYZ): 0.0 -90.0 0.0 
Change Position/Rotation for null
> Position (XYZ): -65.0 -15.0 -35.0 
> Rotation (XYZ): 0.0 90.0 0.0 
Enable Ki Charge for null
Play Animation 413_STAND_LOOP.canm for null
> Loop property detected
Play Animation 413_STAND_LOOP.canm for Jiren
> Loop property detected
[Initial Camera Point]
> Position (XYZ): -58.668 -27.176 -32.094 
> Rotation (XYZ): 24.067 -121.864 0.0 
Play Voice Line 44 for Background Character
> Wait property detected
[Initial Camera Point]
> Position (XYZ): -82.965 -28.031 -18.867 
> Rotation (XYZ): -5.484 112.506 0.0 
[Additional Camera Point]
> Transition Time: 7.0 
> Position (XYZ): -71.119 -32.001 -31.525 
> Rotation (XYZ): -13.87 97.893 0.0 
Lower Current BG Music
BG Music:  UNKNOWN (ID: 209)
Play Voice Line 45 for Background Character
> Wait property detected
Disable ALL VFX

===Battle Info===
Condition: Win via K.O.
> Scene ID: 7
Condition: Win via K.O. (Opponent)
> Scene ID: 49
Condition: Immediate
> Voice Line ID: 46
Condition: Immediate
> Voice Line ID: 47
[Changes to Player 1 detected.]
> Z-Item #5: Attack +50
[Changes to Opponent detected.]
> Add 100% more Health
Event:     Normal Clash (Opponent)

[Scene 7]

===Cinematic Info===
Add 1.2 s fade-out
Change Position/Rotation for null
> Position (XYZ): 53.25 -5.0 18.625 
> Rotation (XYZ): 0.0 80.4 0.0 
Change Position/Rotation for Jiren
> Position (XYZ): 80.0 0.0 30.0 
> Rotation (XYZ): 0.0 -110.4 0.0 
Play Animation 383_SEARCH_SCOUTER.canm for Jiren
> Loop property detected
Play Animation 383_SEARCH_SCOUTER.canm for null
> Loop property detected
[Initial Camera Point]
> Position (XYZ): 16.433 -17.387 24.131 
> Rotation (XYZ): -2.143 93.37 0.0 
[Additional Camera Point]
> Transition Time: 9.0 
> Position (XYZ): 70.771 -18.3 26.738 
> Rotation (XYZ): -2.143 62.404 0.0 
Enable Ki Charge for null
Play Animation 383_SEARCH_SCOUTER.canm for null
> Wait property detected
Play Animation 383_SEARCH_SCOUTER.canm for Jiren
> Wait property detected
Play Voice Line 48 for Jiren
> Wait property detected
Play Voice Line 49 for Jiren
> Wait property detected
Lower Current BG Music
BG Music:  UNKNOWN (ID: 181)
[Initial Camera Point]
> Position (XYZ): 98.701 -29.039 37.647 
> Rotation (XYZ): -29.799 -116.538 0.0 
[Additional Camera Point]
> Transition Time: 6.0 
> Position (XYZ): 77.011 -21.858 29.192 
> Rotation (XYZ): -16.405 -119.724 0.0 
Enable MPM Explosion for null
Enable Ki Charge for Jiren
Play Voice Line 50 for Jiren
> Wait property detected
Disable ALL VFX

===Battle Info===
Condition: Win via K.O.
> Scene ID: 39
Condition: Win via K.O. (Opponent)
> Scene ID: 8
[Changes to Opponent detected.]
> Z-Item #7: Go To Hell
> Add 100% more Health
Event:     Trigger 1st Blast 2 (Opponent) [AUTO]

[Scene 8]

===Cinematic Info===
Disable ALL VFX

===Battle Info===
Condition: Immediate
> Scene ID: 9
Condition: Win via K.O.
> Scene ID: 39
Condition: Win via K.O. (Opponent)
> Scene ID: 49
[Changes to Opponent detected.]
> Z-Item #7: null
Event:     Switch with Teammate #2
Character: Hit

[Scene 9]

===Cinematic Info===
Change Position/Rotation for Jiren
> Position (XYZ): 40.0 0.0 -35.0 
> Rotation (XYZ): 0.0 -90.0 0.0 
Change Position/Rotation for Hit
> Position (XYZ): -40.0 0.9 -35.0 
> Rotation (XYZ): 0.0 90.0 0.0 
Play Animation 383_SEARCH_SCOUTER.canm for Hit
> Loop property detected
Play Animation 413_STAND_LOOP.canm for Jiren
> Loop property detected
[Initial Camera Point]
> Position (XYZ): 34.489 -24.718 -40.984 
> Rotation (XYZ): -40.771 34.979 0.0 
[Additional Camera Point]
> Transition Time: 5.0 
> Position (XYZ): 32.129 -18.909 -43.354 
> Rotation (XYZ): -5.484 34.979 0.0 
Play Voice Line 51 for Jiren
> Wait property detected
[Initial Camera Point]
> Position (XYZ): -21.357 -13.315 -41.979 
> Rotation (XYZ): -4.537 -70.339 0.0 
[Additional Camera Point]
> Transition Time: 5.0 
> Position (XYZ): -33.646 -15.4215 -37.588 
> Rotation (XYZ): 3.707 -70.339 0.0 
Play Voice Line 52 for Hit
> Wait property detected
Lower Current BG Music
BG Music:  UNKNOWN (ID: 216)
Disable ALL VFX

===Battle Info===
Condition: Lose 4 Health Bars (Opponent) [AUTO]
> Scene ID: 10
Condition: Win via K.O.
> Scene ID: 10
Condition: Win via K.O. (Opponent)
> Scene ID: 49
Condition: Immediate
> Voice Line ID: 53
Condition: Immediate
> Voice Line ID: 54
Condition: Immediate
> Voice Line ID: 383
Condition: Immediate
> Voice Line ID: 56
Condition: Immediate
> Voice Line ID: 57
Condition: Immediate
> Voice Line ID: 58
Condition: Immediate
> Voice Line ID: 59
Condition: Immediate
> Voice Line ID: 60
Event:     Battle Finish

[Scene 10]

===Cinematic Info===
Change Position/Rotation for null
> Position (XYZ): -51.4 -0.4 61.3 
> Rotation (XYZ): 0.0 140.0 0.0 
Change Position/Rotation for Jiren
> Position (XYZ): 51.4 -1.3 -61.3 
> Rotation (XYZ): 0.0 -40.0 0.0 
Play Animation 413_STAND_LOOP.canm for Jiren
> Loop property detected
Play Animation 383_SEARCH_SCOUTER.canm for Hit
> Loop property detected
[Initial Camera Point]
> Position (XYZ): 40.042 -12.956 -34.508 
> Rotation (XYZ): 21.168 156.84 0.0 
[Additional Camera Point]
> Transition Time: 7.3 
> Position (XYZ): 44.298 -15.154 -50.956 
> Rotation (XYZ): 6.234 139.446 0.0 
Play Voice Line 61 for Jiren
> Wait property detected
[Initial Camera Point]
> Position (XYZ): -19.147 -1.969 19.29 
> Rotation (XYZ): 3.815 -37.254 0.0 
[Additional Camera Point]
> Transition Time: 4.0 
> Position (XYZ): -42.5 -12.411 49.996 
> Rotation (XYZ): 6.4615 -37.254 0.0 
Play Voice Line 62 for Hit
> Wait property detected
Lower Current BG Music
BG Music:  UNKNOWN (ID: 218)
Disable ALL VFX

===Battle Info===
Condition: Lose 3 Health Bars (Opponent) [AUTO]
> Scene ID: 11
Condition: Win via K.O.
> Scene ID: 39
Condition: Win via K.O. (Opponent)
> Scene ID: 49
Condition: Immediate
> Voice Line ID: 63
Condition: Immediate
> Voice Line ID: 64
Condition: Immediate
> Voice Line ID: 65
Condition: Immediate
> Voice Line ID: 66
Condition: Immediate
> Voice Line ID: 67
Condition: Immediate
> Voice Line ID: 68
Condition: Immediate
> Voice Line ID: 69
Condition: Immediate
> Voice Line ID: 70
Condition: Immediate
> Voice Line ID: 71
Condition: Immediate
> Voice Line ID: 72
[Changes to Opponent detected.]
> Add 100% more Health
Event:     Assign Transformation (Opponent) [AUTO]

[Scene 11]

===Cinematic Info===
Change Position/Rotation for null
> Position (XYZ): -20.0 0.0 -45.0 
> Rotation (XYZ): 0.0 53.1 0.0 
Change Position/Rotation for Jiren
> Position (XYZ): 80.0 0.0 30.0 
> Rotation (XYZ): 0.0 -126.9 0.0 
[Initial Camera Point]
> Position (XYZ): 59.683 -0.811 6.389 
> Rotation (XYZ): 16.288 38.149 0.0 
[Additional Camera Point]
> Transition Time: 4.0 
> Position (XYZ): 72.416 -14.213 21.264 
> Rotation (XYZ): 20.854 45.739 0.0 
Play Voice Line 73 for Jiren
> Wait property detected
[Initial Camera Point]
> Position (XYZ): 2.657 -11.887 -29.437 
> Rotation (XYZ): -17.796 -127.944 0.0 
[Additional Camera Point]
> Transition Time: 4.0 
> Position (XYZ): -10.065 -11.96 -39.357 
> Rotation (XYZ): 12.286 -114.178 0.0 
Play Voice Line 74 for Hit
> Wait property detected
Disable ALL VFX

===Battle Info===
Condition: Lose 5 Health Bars (Opponent) [AUTO]
> Scene ID: 12
Condition: Win via K.O.
> Scene ID: 12
Condition: Win via K.O. (Opponent)
> Scene ID: 49
Condition: Immediate
> Voice Line ID: 75
Condition: Immediate
> Voice Line ID: 76
Condition: Immediate
> Voice Line ID: 77
Condition: Immediate
> Voice Line ID: 78
Condition: Immediate
> Voice Line ID: 79
[Changes to Player 1 detected.]
> Add 100% more Health
Event:     Assign Transformation (Opponent) [AUTO]

[Scene 12]

===Cinematic Info===
Add 1.2 s fade-out
Change Position/Rotation for null
> Position (XYZ): -20.0 0.0 0.0 
> Rotation (XYZ): 0.0 90.0 0.0 
Change Position/Rotation for Jiren
> Position (XYZ): 53.0 0.0 0.0 
> Rotation (XYZ): 0.0 -90.0 0.0 
Play Animation 413_STAND_LOOP.canm for Jiren
> Loop property detected
Play Animation 383_SEARCH_SCOUTER.canm for Hit
> Loop property detected
[Initial Camera Point]
> Position (XYZ): -9.299 -19.666 -6.307 
> Rotation (XYZ): -16.265 -54.097 0.0 
[Additional Camera Point]
> Transition Time: 6.0 
> Position (XYZ): 2.837 -18.408 -15.093 
> Rotation (XYZ): -16.265 -54.097 0.0 
Lower Current BG Music
BG Music:  UNKNOWN (ID: 208)
Play Animation 284_SKILL_003_EVENT_1.canm for Hit
> Wait property detected
Play Voice Line 80 for Hit
> Wait property detected
[Initial Camera Point]
> Position (XYZ): -75.866 -41.007 -14.869 
> Rotation (XYZ): -25.456 75.539 0.0 
[Additional Camera Point]
> Transition Time: 12.0 
> Position (XYZ): -37.889 -21.215 -2.609 
> Rotation (XYZ): -15.106 85.63 0.0 
Enable MPM Explosion for Jiren
Play Animation 406_SURPRISED.canm for Jiren
> Wait property detected
Play Voice Line 83 for Background Character
> Wait property detected
Play Voice Line 84 for Background Character
> Wait property detected
[Initial Camera Point]
> Position (XYZ): -37.487 -19.678 -15.297 
> Rotation (XYZ): -20.947 54.116 0.0 
[Additional Camera Point]
> Transition Time: 15.0 
> Position (XYZ): -39.501 -19.678 12.596 
> Rotation (XYZ): -20.947 117.622 0.0 
Play Voice Line 85 for Background Character
> Wait property detected
Play Voice Line 86 for Background Character
> Wait property detected
Play Voice Line 87 for Background Character
> Wait property detected
[Initial Camera Point]
> Position (XYZ): -5.324 -13.013 -5.869 
> Rotation (XYZ): -1.059 -61.01 0.0 
[Additional Camera Point]
> Transition Time: 13.0 
> Position (XYZ): -11.711 -16.123 -4.552 
> Rotation (XYZ): -1.059 -61.01 0.0 
Play Voice Line 88 for Hit
> Wait property detected
Play Voice Line 89 for Hit
> Wait property detected
[Initial Camera Point]
> Position (XYZ): 6.195 -8.912 -2.689 
> Rotation (XYZ): 10.868 -84.556 0.0 
[Additional Camera Point]
> Transition Time: 7.5 
> Position (XYZ): -10.977 -15.3365 -1.052 
> Rotation (XYZ): 10.868 -84.556 0.0 
Play Voice Line 90 for Hit
> Wait property detected
Disable ALL VFX

===Battle Info===
Condition: Hit with 1st Blast 2
> Scene ID: 13
Condition: Win via K.O.
> Scene ID: 39
Condition: Win via K.O. (Opponent)
> Scene ID: 49
[Changes to Opponent detected.]
> Z-Item #7: Absolutely Invincible Body
> Add 100% more Health
Event:     Trigger 1st Blast 2

[Scene 13]

===Cinematic Info===
Change Position/Rotation for Jiren
> Position (XYZ): -51.4 0.0 61.3 
> Rotation (XYZ): 0.0 140.0 0.0 
Change Position/Rotation for Hit
> Position (XYZ): 51.4 0.0 -61.3 
> Rotation (XYZ): 0.0 -40.0 0.0 
Play Animation 413_STAND_LOOP.canm for Jiren
> Loop property detected
Play Animation 383_SEARCH_SCOUTER.canm for Hit
> Loop property detected
[Initial Camera Point]
> Position (XYZ): -21.278 -11.682 24.517 
> Rotation (XYZ): -0.529 -35.153 0.0 
[Additional Camera Point]
> Transition Time: 7.0 
> Position (XYZ): -40.919 -7.735 32.357 
> Rotation (XYZ): 10.548 -16.313 0.0 
Enable Ki Charge for Jiren
Play Voice Line 91 for Jiren
> Wait property detected
Play Voice Line 92 for Jiren
> Wait property detected
Disable ALL VFX

===Battle Info===
Condition: Win via K.O.
> Scene ID: 39
Condition: Win via K.O. (Opponent)
> Scene ID: 30
[Changes to Opponent detected.]
> Z-Item #7: Go To Hell
Event:     Trigger 1st Blast 2 (Opponent) [AUTO]

[Scene 30 (Victory)]

===Cinematic Info===
Change Position/Rotation for Jiren
> Position (XYZ): -51.4 0.0 61.3 
> Rotation (XYZ): 0.0 140.0 0.0 
Change Position/Rotation for Hit
> Position (XYZ): 51.4 -128.0 -61.3 
> Rotation (XYZ): 0.0 -40.0 0.0 
Play Animation 413_STAND_LOOP.canm for Jiren
> Loop property detected
Play Animation 0_GROUND.canm for Hit
> Loop property detected
[Initial Camera Point]
> Position (XYZ): -55.472 -20.0745 88.014 
> Rotation (XYZ): -17.18 142.362 0.0 
[Additional Camera Point]
> Transition Time: 15.0 
> Position (XYZ): -77.813 -20.0745 70.786 
> Rotation (XYZ): -17.18 138.954 0.0 
Play Voice Line 93 for Background Character
> Wait property detected
Disable ALL VFX

===No Battle Info===

[Scene 39 (Placeholder Victory)]

===Cinematic Info===
Disable ALL VFX

===No Battle Info===

[Scene 49 (Placeholder Defeat)]

===Cinematic Info===
Disable ALL VFX

===No Battle Info===
