[General Information]
Name: Final Fusion
Saga: Majin Buu Saga

[Rewards]
> Acquired Z-Points (from Easy to Hard)
1500
2000
2500
> Acquired Z-Items
null
null
null
> Acquired Maps
null
null
null
> Acquired Characters
Super Vegito
Super Buu - Gotenks Absorbed
Super Buu - Gohan Absorbed
> Acquired Scenarios
Battle for the Universe
null
null

[Battle Settings]
Map: Rocky Area - Noon
BGM: UNKNOWN (ID: 212)

[Player 1 Team]
> Teammate 1
Character: Goku (End)
Costume: 1
Damaged: false
COM Difficulty Level: 0
Strategy Z-Item: Goku Type
Initial Health: 100%
Z-Item #1: null
Z-Item #2: null
Z-Item #3: null
Z-Item #4: null
Z-Item #5: null
Z-Item #6: null
Z-Item #7: null

> Teammate 2
Character: Vegeta
Costume: 2
Damaged: false
COM Difficulty Level: 0
Strategy Z-Item: Goku Type
Initial Health: 100%
Z-Item #1: null
Z-Item #2: null
Z-Item #3: null
Z-Item #4: null
Z-Item #5: null
Z-Item #6: null
Z-Item #7: null

> Teammate 3
Character: Vegito
Costume: 1
Damaged: false
COM Difficulty Level: 0
Strategy Z-Item: Goku Type
Initial Health: 100%
Z-Item #1: null
Z-Item #2: null
Z-Item #3: null
Z-Item #4: null
Z-Item #5: null
Z-Item #6: null
Z-Item #7: null

[Opponent Team]
> Teammate 1
Character: Super Buu - Gohan Absorbed
Costume: 1
Damaged: false
COM Difficulty Level: 9
Strategy Z-Item: Goku Type
Initial Health: 100%
Z-Item #1: Attack +20
Z-Item #2: Defense +40
Z-Item #3: Whis Training
Z-Item #4: null
Z-Item #5: null
Z-Item #6: Dragon Crush
Z-Item #7: Vanishing Rush

> Results
Teammate Count (Player 1): 3
Teammate Count (Opponent): 1

[Scene 0]

===Cinematic Info===
Change Position/Rotation for Goku (End)
> Position (XYZ): 56.9 0.0 -66.2 
> Rotation (XYZ): 0.0 -40.8 0.0 
Change Position/Rotation for Super Buu - Gohan Absorbed
> Position (XYZ): -60.8 -0.7 127.5 
> Rotation (XYZ): 0.0 154.6 0.0 
[Initial Camera Point]
> Position (XYZ): -55.579 -66.283 97.609 
> Rotation (XYZ): -61.243 -8.904 0.0 
[Additional Camera Point]
> Transition Time: 4.0 
> Position (XYZ): -58.24 -24.262 114.772 
> Rotation (XYZ): -24.655 -9.156 0.0 
Play Animation 384_INTRO_IN.canm for Super Buu - Gohan Absorbed
> Wait property detected
Play Animation 385_INTRO_LOOP.canm for Super Buu - Gohan Absorbed
> Loop property detected
Play Voice Line 0 for Super Buu - Gohan Absorbed
> Wait property detected
[Initial Camera Point]
> Position (XYZ): 53.921 -7.597 -45.951 
> Rotation (XYZ): 8.785 168.759 0.0 
[Additional Camera Point]
> Transition Time: 6.5 
> Position (XYZ): 32.694 -7.597 -54.374 
> Rotation (XYZ): 8.785 113.947 0.0 
Play Animation 0_GROUND.canm for Goku (End)
> Loop property detected
Play Voice Line 1 for Goku (End)
> Wait property detected
Disable ALL VFX

===Battle Info===
Condition: Wait 30 seconds
> Scene ID: 1
Condition: Win via K.O.
> Scene ID: 30
Condition: Win via K.O. (Opponent)
> Scene ID: 40
Condition: Lose 1 Health Bar
> Voice Line ID: 2
Condition: Immediate
> Voice Line ID: 3
Condition: Lose 2 Health Bars
> Voice Line ID: 4
Condition: Lose 1 Health Bar (Opponent) [AUTO]
> Voice Line ID: 5
Condition: Perform Dragon Homing (Opponent)
> Voice Line ID: 95
Condition: Go in MAX POWER Mode (Opponent)
> Voice Line ID: 7
Condition: Perform Vanishing Attack (Opponent)
> Voice Line ID: 14
Condition: Perform Throw (Opponent)
> Voice Line ID: 14
Condition: Perform Hyper Smash (Opponent)
> Voice Line ID: 14
Condition: Hit with 1st Blast 2 (Opponent)
> Voice Line ID: 48
Condition: Hit with 2nd Blast 2 (Opponent)
> Voice Line ID: 48
Condition: Perform Sonic Sway (Opponent)
> Voice Line ID: 97
Event:     Battle Finish

[Scene 1]

===Cinematic Info===
Disable ALL VFX

===Battle Info===
Condition: Wait 30 seconds
> Scene ID: 2
Condition: Win via K.O. (Opponent)
> Scene ID: 41
Condition: Win via K.O.
> Scene ID: 31
Condition: Immediate
> Voice Line ID: 10
Condition: Lose 2 Health Bars
> Voice Line ID: 11
Condition: Wait 20 seconds
> Voice Line ID: 12
Condition: Lose 1 Health Bar (Opponent) [AUTO]
> Voice Line ID: 13
Condition: Perform Dragon Homing (Opponent)
> Voice Line ID: 15
Condition: Fall into ground/water [AUTO]
> Voice Line ID: 6
Condition: Hit with Ultimate Blast (Opponent)
> Voice Line ID: 16
Condition: Lose 2 Health Bars (Opponent) [AUTO]
> Voice Line ID: 17
Condition: Perform Dash Smash
> Voice Line ID: 18
Condition: Perform Dash Smash (Opponent)
> Voice Line ID: 19
Condition: Perform Vanishing Attack (Opponent)
> Voice Line ID: 14
Condition: Perform Throw (Opponent)
> Voice Line ID: 14
Condition: Perform Hyper Smash (Opponent)
> Voice Line ID: 14
Condition: Perform Rush Attack (Opponent)
> Voice Line ID: 16
Condition: Hit with 1st Blast 2 (Opponent)
> Voice Line ID: 48
Condition: Hit with 2nd Blast 2 (Opponent)
> Voice Line ID: 48
[Changes to Player 1 detected.]
> Apply changes to Teammate 2
Event:     Switch with Teammate #2
Character: SSR Goku Black

[Scene 2]

===Cinematic Info===
Add 1.2 s fade-out
Change Position/Rotation for Vegeta
> Position (XYZ): 36.2 0.0 -32.1 
> Rotation (XYZ): 0.0 -40.8 0.0 
Change Position/Rotation for Super Buu - Gohan Absorbed
> Position (XYZ): -40.0 -0.7 93.3 
> Rotation (XYZ): 0.0 154.6 0.0 
Play Animation 0_GROUND.canm for Vegeta
> Loop property detected
Play Animation 0_GROUND.canm for Super Buu - Gohan Absorbed
> Loop property detected
[Initial Camera Point]
> Position (XYZ): 43.245 -3.9 -2.864 
> Rotation (XYZ): 4.182 -162.351 0.0 
[Additional Camera Point]
> Transition Time: 8.0 
> Position (XYZ): 37.808 -11.169 -22.575 
> Rotation (XYZ): -4.056 -164.192 0.0 
Play Voice Line 21 for Goku (End)
> Wait property detected
[Initial Camera Point]
> Position (XYZ): 33.905 -20.078 -19.955 
> Rotation (XYZ): -40.217 167.312 0.0 
[Additional Camera Point]
> Transition Time: 8.0 
> Position (XYZ): 34.439 -10.596 -21.958 
> Rotation (XYZ): 9.888 172.624 0.0 
Play Voice Line 22 for Vegeta
> Wait property detected
Play Voice Line 23 for Vegeta
> Wait property detected
Lower Current BG Music
BG Music:  UNKNOWN (ID: 17)
Disable ALL VFX

===Battle Info===
Condition: Win via K.O.
> Scene ID: 32
Condition: Win via K.O. (Opponent)
> Scene ID: 42
Condition: Wait 30 seconds
> Scene ID: 3
Condition: Immediate
> Voice Line ID: 28
Condition: Immediate
> Voice Line ID: 29
Condition: Wait 20 seconds
> Voice Line ID: 30
Condition: Perform Vanishing Attack
> Voice Line ID: 31
Condition: Perform Dragon Homing (Opponent)
> Voice Line ID: 32
Condition: Perform Dash Smash (Opponent)
> Voice Line ID: 33
Condition: Go in MAX POWER Mode (Opponent)
> Voice Line ID: 34
Condition: Lose 1 Health Bar
> Voice Line ID: 35
Condition: Perform Teleport
> Voice Line ID: 36
Condition: Perform Throw (Opponent)
> Voice Line ID: 37
Condition: Hit with 1st Blast 2
> Voice Line ID: 38
Condition: Lose 2 Health Bars
> Voice Line ID: 39
Condition: Perform Vanishing Attack (Opponent)
> Voice Line ID: 40
Condition: Perform Throw
> Voice Line ID: 41
Condition: Hit with 2nd Blast 2
> Voice Line ID: 42
Condition: Win Normal Clash
> Voice Line ID: 41
Condition: Hit with 1st Blast 2 (Opponent)
> Voice Line ID: 48
Condition: Hit with 2nd Blast 2 (Opponent)
> Voice Line ID: 48
[Changes to Player 1 detected.]
> Add 100% more Health
> Z-Item #1: King Kai's Training
> Z-Item #2: null
> Z-Item #3: null
> Z-Item #4: null
> Z-Item #5: null
> Z-Item #6: Dragon Crush
> Z-Item #7: Vanishing Rush
[Changes to Opponent detected.]
> Set current Health to 100%
> Z-Item #1: Whis Training
> Z-Item #2: Defense +20
> Z-Item #3: Attack +10
> Z-Item #4: null
> Z-Item #5: null
> Z-Item #6: null
> Z-Item #7: null
Event:     Assign Fusion
Character: Vegito

[Scene 3]

===Cinematic Info===
Disable ALL VFX

===Battle Info===
Condition: Lose 2 Health Bars (Opponent) [AUTO]
> Scene ID: 4
Condition: Win via K.O. (Opponent)
> Scene ID: 43
Condition: Win via K.O.
> Scene ID: 39
Condition: Immediate
> Voice Line ID: 46
Condition: Perform Rush Attack (Opponent)
> Voice Line ID: 59
Condition: Perform Guard Crush
> Voice Line ID: 49
Condition: Immediate
> Voice Line ID: 50
Condition: Immediate
> Voice Line ID: 51
Condition: Immediate
> Voice Line ID: 52
Condition: Immediate
> Voice Line ID: 53
Condition: Win Beam Struggle
> Voice Line ID: 54
Condition: Perform Burst Meteo Finisher
> Voice Line ID: 55
Condition: Perform Fully Charged Left Smash Attack
> Voice Line ID: 56
Condition: Perform Vanishing Attack
> Voice Line ID: 57
Condition: Perform Dragon Smash
> Voice Line ID: 58
Condition: Perform Dragon Homing (Opponent)
> Voice Line ID: 59
Condition: Perform Vanishing Attack (Opponent)
> Voice Line ID: 60
Condition: Go in MAX POWER Mode (Opponent)
> Voice Line ID: 61
Condition: Perform Vanishing Attack (Opponent)
> Voice Line ID: 49
Condition: Perform 1st Blast 2
> Voice Line ID: 75
Condition: Block Ultimate Blast
> Voice Line ID: 76
Condition: Perform Rush Attack
> Voice Line ID: 77
Condition: Win Beam Struggle
> Voice Line ID: 85
Condition: Perform Z-Counter (Opponent)
> Voice Line ID: 86
Condition: Perform Dash Smash (Opponent)
> Voice Line ID: 74
Condition: Win Normal Clash
> Voice Line ID: 54
Condition: Perform Throw
> Voice Line ID: 49
Condition: Hit with 1st Blast 2 (Opponent)
> Voice Line ID: 48
Condition: Hit with 2nd Blast 2 (Opponent)
> Voice Line ID: 48
Condition: Perform Teleport
> Voice Line ID: 57
Condition: Hit with Ultimate Blast
> Voice Line ID: 55
Condition: Hit with 2nd Blast 2
> Voice Line ID: 72
[Changes to Player 1 detected.]
> Add 100% more Health
> Z-Item #1: King Kai's Training
> Z-Item #2: Ultimate Warrior 1
> Z-Item #3: null
> Z-Item #4: null
> Z-Item #5: null
[Changes to Opponent detected.]
> Add 100% more Health
> Z-Item #1: Whis Training
> Z-Item #2: Defense +5
> Z-Item #3: Attack -20
> Z-Item #4: null
> Z-Item #5: null
Event:     Assign Transformation
Character: Super Vegito

[Scene 4]

===Cinematic Info===
Add 1.2 s fade-out
Change Position/Rotation for Vegeta
> Position (XYZ): 56.9 0.0 -66.2 
> Rotation (XYZ): 0.0 -40.8 0.0 
Change Position/Rotation for Super Buu - Gohan Absorbed
> Position (XYZ): -60.8 -0.7 127.5 
> Rotation (XYZ): 0.0 154.6 0.0 
Play Animation 0_GROUND.canm for Vegeta
> Loop property detected
Play Animation 1_GROUND_TIRED.canm for Super Buu - Gohan Absorbed
> Loop property detected
[Initial Camera Point]
> Position (XYZ): 51.162 -6.525 -40.14 
> Rotation (XYZ): 2.094 167.286 0.0 
[Additional Camera Point]
> Transition Time: 6.0 
> Position (XYZ): 55.482 -9.96 -59.285 
> Rotation (XYZ): 30.638 170.095 0.0 
Play Voice Line 62 for Vegeta
> Wait property detected
[Initial Camera Point]
> Position (XYZ): -29.915 -22.563 81.586 
> Rotation (XYZ): -10.369 -35.629 0.0 
[Additional Camera Point]
> Transition Time: 5.0 
> Position (XYZ): -48.056 -13.57 106.899 
> Rotation (XYZ): -7.012 -35.629 0.0 
Play Voice Line 63 for Vegeta
> Wait property detected
[Initial Camera Point]
> Position (XYZ): 56.484 -4.56 -50.895 
> Rotation (XYZ): 24.246 -176.521 0.0 
[Additional Camera Point]
> Transition Time: 5.0 
> Position (XYZ): 56.3 -9.246 -53.922 
> Rotation (XYZ): 23.374 -176.521 0.0 
Play Voice Line 64 for Vegeta
> Wait property detected
[Initial Camera Point]
> Position (XYZ): 84.989 -15.264 -78.39 
> Rotation (XYZ): -10.307 -41.576 0.0 
[Additional Camera Point]
> Transition Time: 13.0 
> Position (XYZ): 122.427 -80.516 -72.053 
> Rotation (XYZ): -38.08 -66.266 0.0 
Play Voice Line 66 for Background Character
> Wait property detected
Play Voice Line 67 for Background Character
> Wait property detected
Disable ALL VFX

===Battle Info===
Condition: Lose 5 Health Bars (Opponent) [AUTO]
> Scene ID: 5
Condition: Win via K.O. (Opponent)
> Scene ID: 44
Condition: Win via K.O.
> Scene ID: 39
Condition: Immediate
> Voice Line ID: 68
Condition: Immediate
> Voice Line ID: 69
Condition: Immediate
> Voice Line ID: 70
Condition: Immediate
> Voice Line ID: 71
Condition: Perform Rush Attack
> Voice Line ID: 77
Condition: Go in MAX POWER Mode (Opponent)
> Voice Line ID: 73
Condition: Perform 1st Blast 2
> Voice Line ID: 75
Condition: Block Ultimate Blast
> Voice Line ID: 76
Condition: Perform Rush Attack
> Voice Line ID: 77
Condition: Wait 30 seconds
> Voice Line ID: 78
Condition: Wait 40 seconds
> Voice Line ID: 79
Condition: Perform Dash Smash
> Voice Line ID: 80
Condition: Hit with Charged Ki Blast (Opponent)
> Voice Line ID: 81
Condition: Go in MAX POWER Mode
> Voice Line ID: 82
Condition: Perform Dragon Homing
> Voice Line ID: 54
Condition: Perform Vanishing Attack
> Voice Line ID: 54
Condition: Win Beam Struggle
> Voice Line ID: 85
Condition: Perform Z-Counter (Opponent)
> Voice Line ID: 86
Condition: Hit with 2nd Blast 2
> Voice Line ID: 72
Condition: Win Normal Clash
> Voice Line ID: 54
Event:     Battle Finish

[Scene 5]

===Cinematic Info===
Add 1.2 s fade-out
Change Position/Rotation for Vegeta
> Position (XYZ): 56.9 0.0 -66.2 
> Rotation (XYZ): 0.0 -40.8 0.0 
Change Position/Rotation for Super Buu - Gohan Absorbed
> Position (XYZ): -60.8 -0.7 127.5 
> Rotation (XYZ): 0.0 154.6 0.0 
Play Animation 1_GROUND_TIRED.canm for Super Buu - Gohan Absorbed
> Loop property detected
Play Animation 387_WIN_LOOP.canm for Vegeta
> Loop property detected
[Initial Camera Point]
> Position (XYZ): 25.895 -1.543 -22.56 
> Rotation (XYZ): 4.569 143.97 0.0 
[Additional Camera Point]
> Transition Time: 13.0 
> Position (XYZ): 52.443 -11.924 -59.524 
> Rotation (XYZ): 22.467 148.812 0.0 
Play Voice Line 88 for Vegeta
> Wait property detected
Play Voice Line 89 for Vegeta
> Wait property detected
[Initial Camera Point]
> Position (XYZ): -55.606 -13.736 111.733 
> Rotation (XYZ): -6.542 -21.683 0.0 
Play Voice Line 90 for Vegeta
> Wait property detected
[Initial Camera Point]
> Position (XYZ): -58.006 -5.975 141.946 
> Rotation (XYZ): 1.57 170.247 0.0 
[Additional Camera Point]
> Transition Time: 7.0 
> Position (XYZ): -67.186 -20.966 151.785 
> Rotation (XYZ): -18.919 161.754 0.0 
Play Voice Line 91 for Background Character
> Wait property detected
[Initial Camera Point]
> Position (XYZ): 48.472 -4.286 -42.75 
> Rotation (XYZ): 11.382 159.087 0.0 
[Additional Camera Point]
> Transition Time: 6.0 
> Position (XYZ): 54.524 -10.264 -58.528 
> Rotation (XYZ): 33.893 160.588 0.0 
Play Voice Line 92 for Vegeta
> Wait property detected
Disable ALL VFX

===Battle Info===
Condition: Win via K.O.
> Scene ID: 33
Condition: Win via K.O. (Opponent)
> Scene ID: 45
Condition: Hit with 1st Blast 2 (Opponent)
> Voice Line ID: 93
Condition: Go in MAX POWER Mode
> Voice Line ID: 94
Condition: Perform Throw (Opponent)
> Voice Line ID: 95
Condition: Hit with 2nd Blast 2
> Voice Line ID: 96
Condition: Perform Dragon Homing (Opponent)
> Voice Line ID: 97
Condition: Perform Throw
> Voice Line ID: 41
Condition: Perform Vanishing Attack (Opponent)
> Voice Line ID: 99
Condition: Go in MAX POWER Mode (Opponent)
> Voice Line ID: 100
Condition: Perform Dash Smash
> Voice Line ID: 101
Condition: Perform Rush Attack (Opponent)
> Voice Line ID: 102
Condition: Perform 1st Blast 2 (Opponent)
> Voice Line ID: 74
Condition: Perform 1st Blast 2
> Voice Line ID: 75
Condition: Block Ultimate Blast
> Voice Line ID: 76
Condition: Perform Rush Attack
> Voice Line ID: 77
Condition: Perform Vanishing Attack
> Voice Line ID: 85
Condition: Perform Z-Counter (Opponent)
> Voice Line ID: 86
Condition: Perform 2nd Blast 2 (Opponent)
> Voice Line ID: 74
[Changes to Player 1 detected.]
> Add 100% more Health
[Changes to Opponent detected.]
> Add 100% more Health
> Z-Item #1: King Kai's Training
> Z-Item #2: Defense -15
> Z-Item #3: null
> Z-Item #4: null
> Z-Item #5: null
> Z-Item #6: null
> Z-Item #7: null
Event:     Aerial Clash

[Scene 30 (Victory)]

===Cinematic Info===
Change Position/Rotation for Goku (End)
> Position (XYZ): 25.8 0.0 -15.0 
> Rotation (XYZ): 0.0 -40.8 0.0 
Change Position/Rotation for Super Buu - Gohan Absorbed
> Position (XYZ): -29.6 -0.7 76.2 
> Rotation (XYZ): 0.0 154.6 0.0 
Disable Aura Charge for Goku (End)
Disable Aura Charge for Super Buu - Gohan Absorbed
[Initial Camera Point]
> Position (XYZ): -47.809 -13.561 75.622 
> Rotation (XYZ): -12.57 129.834 0.0 
[Additional Camera Point]
> Transition Time: 7.0 
> Position (XYZ): 7.474 -11.475 11.408 
> Rotation (XYZ): -2.545 144.331 0.0 
Play Animation 388_LOSE.canm for Super Buu - Gohan Absorbed
Play Animation 386_WIN_IN.canm for Goku (End)
> Wait property detected
Play Animation 387_WIN_LOOP.canm for Goku (End)
> Loop property detected
Play Voice Line 9 for Goku (End)
> Wait property detected
Disable ALL VFX

===No Battle Info===

[Scene 31 (Victory)]

===Cinematic Info===
Change Position/Rotation for Vegeta
> Position (XYZ): 25.8 0.0 -15.0 
> Rotation (XYZ): 0.0 -40.8 0.0 
Change Position/Rotation for Super Buu - Gohan Absorbed
> Position (XYZ): -29.6 -0.7 76.2 
> Rotation (XYZ): 0.0 154.6 0.0 
Disable Aura Charge for Vegeta
Disable Aura Charge for Super Buu - Gohan Absorbed
[Initial Camera Point]
> Position (XYZ): -47.809 -13.561 75.622 
> Rotation (XYZ): -12.57 129.834 0.0 
[Additional Camera Point]
> Transition Time: 7.0 
> Position (XYZ): 7.474 -11.475 11.408 
> Rotation (XYZ): -2.545 144.331 0.0 
Play Animation 388_LOSE.canm for Super Buu - Gohan Absorbed
Play Animation 386_WIN_IN.canm for Vegeta
> Wait property detected
Play Animation 387_WIN_LOOP.canm for Vegeta
> Loop property detected
Play Voice Line 27 for Vegeta
> Wait property detected
Disable ALL VFX

===No Battle Info===

[Scene 32 (Victory)]

===Cinematic Info===
Change Position/Rotation for Vegeta
> Position (XYZ): 25.8 0.0 -15.0 
> Rotation (XYZ): 0.0 -40.8 0.0 
Change Position/Rotation for Super Buu - Gohan Absorbed
> Position (XYZ): -29.6 -0.7 76.2 
> Rotation (XYZ): 0.0 154.6 0.0 
Disable Aura Charge for Vegeta
Disable Aura Charge for Super Buu - Gohan Absorbed
[Initial Camera Point]
> Position (XYZ): 6.492 -5.189 19.581 
> Rotation (XYZ): -1.543 151.535 0.0 
[Additional Camera Point]
> Transition Time: 5.0 
> Position (XYZ): 18.994 -8.535 -3.48 
> Rotation (XYZ): 22.173 151.535 0.0 
Play Animation 386_WIN_IN.canm for Vegeta
> Wait property detected
Play Animation 387_WIN_LOOP.canm for Vegeta
> Loop property detected
Play Voice Line 103 for Vegeta
> Wait property detected
[Initial Camera Point]
> Position (XYZ): 10.321 -3.658 22.362 
> Rotation (XYZ): 0.638 -38.983 0.0 
[Additional Camera Point]
> Transition Time: 5.0 
> Position (XYZ): -5.499 -3.938 41.909 
> Rotation (XYZ): 0.638 -38.983 0.0 
Play Animation 388_LOSE.canm for Super Buu - Gohan Absorbed
Play Voice Line 104 for Vegeta
> Wait property detected
Disable ALL VFX

===No Battle Info===

[Scene 33 (Victory)]

===Cinematic Info===
Change Position/Rotation for Vegeta
> Position (XYZ): 25.8 0.0 -15.0 
> Rotation (XYZ): 0.0 -40.8 0.0 
Change Position/Rotation for Super Buu - Gohan Absorbed
> Position (XYZ): -29.6 -0.7 76.2 
> Rotation (XYZ): 0.0 154.6 0.0 
Disable Aura Charge for Vegeta
Disable Aura Charge for Super Buu - Gohan Absorbed
[Initial Camera Point]
> Position (XYZ): 6.492 -5.189 19.581 
> Rotation (XYZ): -1.543 151.535 0.0 
[Additional Camera Point]
> Transition Time: 5.0 
> Position (XYZ): 18.994 -8.535 -3.48 
> Rotation (XYZ): 22.173 151.535 0.0 
Play Animation 386_WIN_IN.canm for Vegeta
> Wait property detected
Play Animation 387_WIN_LOOP.canm for Vegeta
> Loop property detected
Play Voice Line 103 for Vegeta
> Wait property detected
[Initial Camera Point]
> Position (XYZ): 10.321 -3.658 22.362 
> Rotation (XYZ): 0.638 -38.983 0.0 
[Additional Camera Point]
> Transition Time: 5.0 
> Position (XYZ): -5.499 -3.938 41.909 
> Rotation (XYZ): 0.638 -38.983 0.0 
Play Animation 388_LOSE.canm for Super Buu - Gohan Absorbed
Play Voice Line 104 for Vegeta
> Wait property detected
Disable ALL VFX

===No Battle Info===

[Scene 40 (Defeat)]

===Cinematic Info===
Change Position/Rotation for Goku (End)
> Position (XYZ): 25.8 0.0 -15.0 
> Rotation (XYZ): 0.0 -40.8 0.0 
Change Position/Rotation for Super Buu - Gohan Absorbed
> Position (XYZ): -29.6 -0.7 76.2 
> Rotation (XYZ): 0.0 154.6 0.0 
Disable Aura Charge for Goku (End)
Disable Aura Charge for Super Buu - Gohan Absorbed
[Initial Camera Point]
> Position (XYZ): 39.441 -14.93 -12.587 
> Rotation (XYZ): -14.914 -58.561 0.0 
[Additional Camera Point]
> Transition Time: 5.0 
> Position (XYZ): -17.806 -11.891 64.563 
> Rotation (XYZ): 17.605 -36.471 0.0 
Play Animation 388_LOSE.canm for Goku (End)
Play Animation 386_WIN_IN.canm for Super Buu - Gohan Absorbed
> Wait property detected
Play Animation 387_WIN_LOOP.canm for Super Buu - Gohan Absorbed
> Loop property detected
Play Voice Line 87 for Super Buu - Gohan Absorbed
> Wait property detected
Disable ALL VFX

===No Battle Info===

[Scene 41 (Defeat)]

===Cinematic Info===
Change Position/Rotation for Vegeta
> Position (XYZ): 25.8 0.0 -15.0 
> Rotation (XYZ): 0.0 -40.8 0.0 
Change Position/Rotation for Super Buu - Gohan Absorbed
> Position (XYZ): -29.6 -0.7 76.2 
> Rotation (XYZ): 0.0 154.6 0.0 
Disable Aura Charge for Vegeta
Disable Aura Charge for Super Buu - Gohan Absorbed
[Initial Camera Point]
> Position (XYZ): 39.441 -14.93 -12.587 
> Rotation (XYZ): -14.914 -58.561 0.0 
[Additional Camera Point]
> Transition Time: 5.0 
> Position (XYZ): -17.806 -11.891 64.563 
> Rotation (XYZ): 17.605 -36.471 0.0 
Play Animation 388_LOSE.canm for Vegeta
Play Animation 386_WIN_IN.canm for Super Buu - Gohan Absorbed
> Wait property detected
Play Animation 387_WIN_LOOP.canm for Super Buu - Gohan Absorbed
> Loop property detected
Play Voice Line 87 for Super Buu - Gohan Absorbed
> Wait property detected
Disable ALL VFX

===No Battle Info===

[Scene 42 (Defeat)]

===Cinematic Info===
Change Position/Rotation for Vegeta
> Position (XYZ): 25.8 0.0 -15.0 
> Rotation (XYZ): 0.0 -40.8 0.0 
Change Position/Rotation for Super Buu - Gohan Absorbed
> Position (XYZ): -29.6 -0.7 76.2 
> Rotation (XYZ): 0.0 154.6 0.0 
Disable Aura Charge for Vegeta
Disable Aura Charge for Super Buu - Gohan Absorbed
[Initial Camera Point]
> Position (XYZ): 39.441 -14.93 -12.587 
> Rotation (XYZ): -14.914 -58.561 0.0 
[Additional Camera Point]
> Transition Time: 5.0 
> Position (XYZ): -17.806 -11.891 64.563 
> Rotation (XYZ): 17.605 -36.471 0.0 
Play Animation 388_LOSE.canm for Vegeta
Play Animation 386_WIN_IN.canm for Super Buu - Gohan Absorbed
> Wait property detected
Play Animation 387_WIN_LOOP.canm for Super Buu - Gohan Absorbed
> Loop property detected
Play Voice Line 87 for Super Buu - Gohan Absorbed
> Wait property detected
Disable ALL VFX

===No Battle Info===

[Scene 43 (Defeat)]

===Cinematic Info===
Change Position/Rotation for Vegeta
> Position (XYZ): 25.8 0.0 -15.0 
> Rotation (XYZ): 0.0 -40.8 0.0 
Change Position/Rotation for Super Buu - Gohan Absorbed
> Position (XYZ): -29.6 -0.7 76.2 
> Rotation (XYZ): 0.0 154.6 0.0 
Disable Aura Charge for Vegeta
Disable Aura Charge for Super Buu - Gohan Absorbed
[Initial Camera Point]
> Position (XYZ): 39.441 -14.93 -12.587 
> Rotation (XYZ): -14.914 -58.561 0.0 
[Additional Camera Point]
> Transition Time: 5.0 
> Position (XYZ): -17.806 -11.891 64.563 
> Rotation (XYZ): 17.605 -36.471 0.0 
Play Animation 388_LOSE.canm for Vegeta
Play Animation 386_WIN_IN.canm for Super Buu - Gohan Absorbed
> Wait property detected
Play Animation 387_WIN_LOOP.canm for Super Buu - Gohan Absorbed
> Loop property detected
Play Voice Line 87 for Super Buu - Gohan Absorbed
> Wait property detected
Disable ALL VFX

===No Battle Info===

[Scene 44 (Defeat)]

===Cinematic Info===
Change Position/Rotation for Vegeta
> Position (XYZ): 25.8 0.0 -15.0 
> Rotation (XYZ): 0.0 -40.8 0.0 
Change Position/Rotation for Super Buu - Gohan Absorbed
> Position (XYZ): -29.6 -0.7 76.2 
> Rotation (XYZ): 0.0 154.6 0.0 
Disable Aura Charge for Vegeta
Disable Aura Charge for Super Buu - Gohan Absorbed
[Initial Camera Point]
> Position (XYZ): 39.441 -14.93 -12.587 
> Rotation (XYZ): -14.914 -58.561 0.0 
[Additional Camera Point]
> Transition Time: 5.0 
> Position (XYZ): -17.806 -11.891 64.563 
> Rotation (XYZ): 17.605 -36.471 0.0 
Play Animation 388_LOSE.canm for Vegeta
Play Animation 386_WIN_IN.canm for Super Buu - Gohan Absorbed
> Wait property detected
Play Animation 387_WIN_LOOP.canm for Super Buu - Gohan Absorbed
> Loop property detected
Play Voice Line 87 for Super Buu - Gohan Absorbed
> Wait property detected
Disable ALL VFX

===No Battle Info===

[Scene 45 (Defeat)]

===Cinematic Info===
Change Position/Rotation for Vegeta
> Position (XYZ): 25.8 0.0 -15.0 
> Rotation (XYZ): 0.0 -40.8 0.0 
Change Position/Rotation for Super Buu - Gohan Absorbed
> Position (XYZ): -29.6 -0.7 76.2 
> Rotation (XYZ): 0.0 154.6 0.0 
Disable Aura Charge for Vegeta
Disable Aura Charge for Super Buu - Gohan Absorbed
[Initial Camera Point]
> Position (XYZ): 39.441 -14.93 -12.587 
> Rotation (XYZ): -14.914 -58.561 0.0 
[Additional Camera Point]
> Transition Time: 5.0 
> Position (XYZ): -17.806 -11.891 64.563 
> Rotation (XYZ): 17.605 -36.471 0.0 
Play Animation 388_LOSE.canm for Vegeta
Play Animation 386_WIN_IN.canm for Super Buu - Gohan Absorbed
> Wait property detected
Play Animation 387_WIN_LOOP.canm for Super Buu - Gohan Absorbed
> Loop property detected
Play Voice Line 87 for Super Buu - Gohan Absorbed
> Wait property detected
Disable ALL VFX

===No Battle Info===

[Scene 49 (Placeholder Defeat) - UNUSED]

===Cinematic Info===
Disable ALL VFX

===No Battle Info===

[Scene 39 (Placeholder Victory)]

===Cinematic Info===
Disable ALL VFX

===No Battle Info===
