[General Information]
Name: A Wall to Overcome
Saga: Dragon Ball Super Saga

[Rewards]
> Acquired Z-Points (from Easy to Hard)
1500
2000
2500
> Acquired Z-Items
null
null
null
> Acquired Maps
null
null
null
> Acquired Characters
Ultimate Gohan
null
null
> Acquired Scenarios
The Awakening of a Crazy Warrior
null
null

[Battle Settings]
Map: Rocky Area - Night
BGM: UNKNOWN (ID: 13)

[Player 1 Team]
> Teammate 1
Character: Ultimate Gohan
Costume: 1
Damaged: false
COM Difficulty Level: 0
Strategy Z-Item: Goku Type
Initial Health: 100%
Z-Item #1: Whis Training
Z-Item #2: Attack +8
Z-Item #3: null
Z-Item #4: null
Z-Item #5: null
Z-Item #6: null
Z-Item #7: null

> Teammate 2
Character: Master Roshi - MAX Power
Costume: 1
Damaged: false
COM Difficulty Level: 0
Strategy Z-Item: Goku Type
Initial Health: 100%
Z-Item #1: Master Roshi's Training
Z-Item #2: null
Z-Item #3: null
Z-Item #4: null
Z-Item #5: null
Z-Item #6: null
Z-Item #7: null

[Opponent Team]
> Teammate 1
Character: SS2 Goku (End)
Costume: 4
Damaged: false
COM Difficulty Level: 6
Strategy Z-Item: Goku Type
Initial Health: 100%
Z-Item #1: Whis Training
Z-Item #2: Attack +50
Z-Item #3: Sturdy Clothes
Z-Item #4: null
Z-Item #5: null
Z-Item #6: null
Z-Item #7: null

> Results
Teammate Count (Player 1): 2
Teammate Count (Opponent): 1

[Scene 0]

===Cinematic Info===
Change Position/Rotation for Ultimate Gohan
> Position (XYZ): 88.0 -176.0 0.0 
> Rotation (XYZ): 0.0 -90.0 0.0 
Change Position/Rotation for SS2 Goku (End)
> Position (XYZ): -88.0 -176.0 0.0 
> Rotation (XYZ): 0.0 90.0 0.0 
Play Animation 413_STAND_LOOP.canm for Ultimate Gohan
> Loop property detected
Play Animation 413_STAND_LOOP.canm for SS2 Goku (End)
> Loop property detected
[Initial Camera Point]
> Position (XYZ): -71.051 -196.453 -4.925 
> Rotation (XYZ): -17.981 -71.414 0.0 
[Additional Camera Point]
> Transition Time: 6.0 
> Position (XYZ): -79.857 -193.438 -1.964 
> Rotation (XYZ): -17.981 -71.414 0.0 
Enable Ki Charge for SS2 Goku (End)
Play Voice Line 0 for SS2 Goku (End)
> Wait property detected
[Initial Camera Point]
> Position (XYZ): 95.56 -189.301 -4.947 
> Rotation (XYZ): -13.101 -80.686 0.0 
[Additional Camera Point]
> Transition Time: 5.0 
> Position (XYZ): 118.702 -212.556 -8.451 
> Rotation (XYZ): -29.02 -82.8 0.0 
Enable Ki Charge for Ultimate Gohan
Play Animation 53_CHARGE_LOOP.canm for Ultimate Gohan
> Loop property detected
Play Voice Line 1 for Ultimate Gohan
> Wait property detected
[Initial Camera Point]
> Position (XYZ): 79.686 -182.48 11.781 
> Rotation (XYZ): 10.301 147.72 0.0 
[Additional Camera Point]
> Transition Time: 5.0 
> Position (XYZ): 83.726 -188.906 6.247 
> Rotation (XYZ): 5.927 169.668 0.0 
Play Animation 38_FLY.canm for Ultimate Gohan
> Loop property detected
Play Voice Line 2 for Ultimate Gohan
> Wait property detected
[Initial Camera Point]
> Position (XYZ): -40.331 -210.808 2.366 
> Rotation (XYZ): -23.939 -93.405 0.0 
[Additional Camera Point]
> Transition Time: 4.0 
> Position (XYZ): -76.512 -193.79199 0.214 
> Rotation (XYZ): -11.94 -90.921 0.0 
Play Voice Line 3 for SS2 Goku (End)
> Wait property detected
[Initial Camera Point]
> Position (XYZ): 73.086 -193.716 -1.469 
> Rotation (XYZ): -37.358 80.337 0.0 
[Additional Camera Point]
> Transition Time: 13.0 
> Position (XYZ): 78.696 -187.563 -0.514 
> Rotation (XYZ): 10.245 76.219 0.0 
Play Voice Line 4 for Ultimate Gohan
> Wait property detected
Play Voice Line 5 for Ultimate Gohan
> Wait property detected
Disable ALL VFX

===Battle Info===
Condition: Wait 10 seconds
> Scene ID: 1
Condition: Win via K.O.
> Scene ID: 39
Condition: Win via K.O. (Opponent)
> Scene ID: 49
Condition: Immediate
> Voice Line ID: 6
Condition: Immediate
> Voice Line ID: 7
Event:     Battle Finish

[Scene 1]

===Cinematic Info===
Change Position/Rotation for Ultimate Gohan
> Position (XYZ): -51.4 -176.0 61.3 
> Rotation (XYZ): 0.0 140.0 0.0 
Change Position/Rotation for SS2 Goku (End)
> Position (XYZ): 51.4 -176.0 -61.3 
> Rotation (XYZ): 0.0 -40.0 0.0 
Disable Aura Charge for Ultimate Gohan
Play Animation 38_FLY.canm for Ultimate Gohan
> Loop property detected
Play Animation 413_STAND_LOOP.canm for SS2 Goku (End)
> Loop property detected
[Initial Camera Point]
> Position (XYZ): 48.424 -184.094 -47.986 
> Rotation (XYZ): 31.619 172.828 0.0 
[Additional Camera Point]
> Transition Time: 6.0 
> Position (XYZ): 49.101 -190.59799 -53.367 
> Rotation (XYZ): 1.581 172.828 0.0 
Enable Ki Charge for SS2 Goku (End)
Play Voice Line 8 for SS2 Goku (End)
> Wait property detected
Disable ALL VFX

===Battle Info===
Condition: Lose 3 Health Bars (Opponent) [AUTO]
> Scene ID: 2
Condition: Win via K.O.
> Scene ID: 39
Condition: Win via K.O. (Opponent)
> Scene ID: 49
Condition: Immediate
> Voice Line ID: 9
Condition: Immediate
> Voice Line ID: 10
Condition: Immediate
> Voice Line ID: 11
Condition: Immediate
> Voice Line ID: 12
Condition: Immediate
> Voice Line ID: 13
Event:     Normal Clash (Opponent)

[Scene 2]

===Cinematic Info===
Add 1.2 s fade-out
Change Position/Rotation for Ultimate Gohan
> Position (XYZ): 145.9 0.0 -312.9 
> Rotation (XYZ): 0.0 -23.3 0.0 
Change Position/Rotation for SS2 Goku (End)
> Position (XYZ): -149.7 -110.7 374.1 
> Rotation (XYZ): 0.0 86.35 0.0 
Play Animation 0_GROUND.canm for Ultimate Gohan
> Loop property detected
[Initial Camera Point]
> Position (XYZ): -127.826 -114.223 359.092 
> Rotation (XYZ): 16.537 -56.991 0.0 
[Additional Camera Point]
> Transition Time: 6.5 
> Position (XYZ): -146.319 -123.434 362.776 
> Rotation (XYZ): 16.929 -2.008375 0.0 
Shake Camera for 1.0 seconds
Enable Ki Charge for SS2 Goku (End)
Play Animation 275_SKILL_003_IN_D.canm for SS2 Goku (End)
> Wait property detected
Play Animation 276_SKILL_003_CHARGE_D.canm for SS2 Goku (End)
> Loop property detected
Play Voice Line 14 for SS2 Goku (End)
> Wait property detected
Disable ALL VFX

===Battle Info===
Condition: Lose 1 Health Bar
> Scene ID: 3
Condition: Lose 1 Health Bar (Opponent) [AUTO]
> Scene ID: 3
Condition: Win via K.O.
> Scene ID: 39
Condition: Win via K.O. (Opponent)
> Scene ID: 49
Event:     Beam Struggle between Player 1's 1st Blast 2 and COM's 1st Blast 2 (Opponent)

[Scene 3]

===Cinematic Info===
Change Position/Rotation for Ultimate Gohan
> Position (XYZ): 56.9 0.0 -66.2 
> Rotation (XYZ): 0.0 -40.8 0.0 
Change Position/Rotation for SS2 Goku (End)
> Position (XYZ): -60.8 -176.0 127.5 
> Rotation (XYZ): 0.0 154.6 0.0 
[Initial Camera Point]
> Position (XYZ): -49.565 -185.319 117.079 
> Rotation (XYZ): 16.776 -53.238 0.0 
[Additional Camera Point]
> Transition Time: 5.0 
> Position (XYZ): -54.404 -186.552 120.705 
> Rotation (XYZ): 32.464 -54.266 0.0 
Shake Camera for 1.0 seconds
Enable Ki Charge for SS2 Goku (End)
Play Animation 384_INTRO_IN.canm for SS2 Goku (End)
> Wait property detected
Play Animation 385_INTRO_LOOP.canm for SS2 Goku (End)
> Loop property detected
Play Voice Line 15 for SS2 Goku (End)
> Wait property detected
Disable ALL VFX

===Battle Info===
Condition: Win Normal Clash
> Scene ID: 4
Condition: Win Normal Clash (Opponent)
> Scene ID: 4
Condition: Win via K.O.
> Scene ID: 39
Condition: Win via K.O. (Opponent)
> Scene ID: 49
[Changes to Opponent detected.]
> Add 100% more Health
Event:     Normal Clash (Opponent)

[Scene 4]

===Cinematic Info===
Disable ALL VFX

===Battle Info===
Condition: Lose 4 Health Bars (Opponent) [AUTO]
> Scene ID: 5
Condition: Win via K.O.
> Scene ID: 39
Condition: Win via K.O. (Opponent)
> Scene ID: 49
Condition: Immediate
> Voice Line ID: 16
Condition: Immediate
> Voice Line ID: 17
Condition: Immediate
> Voice Line ID: 18
Condition: Immediate
> Voice Line ID: 19
Condition: Immediate
> Voice Line ID: 20
Event:     Battle Finish

[Scene 5]

===Cinematic Info===
Lower Current BG Music
BG Music:  UNKNOWN (ID: 225)
Disable ALL VFX

===Battle Info===
Condition: Lose 5 Health Bars (Opponent) [AUTO]
> Scene ID: 6
Condition: Win via K.O.
> Scene ID: 39
Condition: Win via K.O. (Opponent)
> Scene ID: 49
Condition: Immediate
> Voice Line ID: 21
Condition: Immediate
> Voice Line ID: 22
Condition: Immediate
> Voice Line ID: 23
Condition: Immediate
> Voice Line ID: 24
[Changes to Player 1 detected.]
> Add 100% more Health
[Changes to Opponent detected.]
> Add 100% more Health
Event:     Assign Transformation (Opponent) [AUTO]
Character: SSB Goku

[Scene 6]

===Cinematic Info===
Change Position/Rotation for Ultimate Gohan
> Position (XYZ): 56.9 -176.0 -66.2 
> Rotation (XYZ): 0.0 -40.8 0.0 
Change Position/Rotation for SS2 Goku (End)
> Position (XYZ): -60.8 -176.0 127.5 
> Rotation (XYZ): 0.0 154.6 0.0 
Enable Ki Charge for Ultimate Gohan
Enable Ki Charge for SS2 Goku (End)
[Initial Camera Point]
> Position (XYZ): -43.885 -179.454 90.295 
> Rotation (XYZ): 5.329 -25.553 0.0 
[Additional Camera Point]
> Transition Time: 10.0 
> Position (XYZ): -52.848 -186.951 116.04 
> Rotation (XYZ): -3.525 -34.84 0.0 
Play Animation 38_FLY.canm for SS2 Goku (End)
> Loop property detected
Play Voice Line 25 for SS2 Goku (End)
> Wait property detected
[Initial Camera Point]
> Position (XYZ): 54.348 -192.65399 -62.878 
> Rotation (XYZ): -9.828 135.833 0.0 
[Additional Camera Point]
> Transition Time: 10.0 
> Position (XYZ): 38.117 -190.437 -47.712 
> Rotation (XYZ): -14.397 135.833 0.0 
Play Animation 53_CHARGE_LOOP.canm for Ultimate Gohan
> Loop property detected
Play Animation 53_CHARGE_LOOP.canm for SS2 Goku (End)
> Loop property detected
Play Voice Line 26 for Ultimate Gohan
> Wait property detected
[Initial Camera Point]
> Position (XYZ): -67.036 -191.535 130.137 
> Rotation (XYZ): -24.647 147.748 0.0 
[Additional Camera Point]
> Transition Time: 10.5 
> Position (XYZ): -58.917 -191.535 134.737 
> Rotation (XYZ): -24.647 162.246 0.0 
Play Voice Line 27 for SS2 Goku (End)
> Wait property detected
Disable ALL VFX

===Battle Info===
Condition: Win via K.O.
> Scene ID: 30
Condition: Win via K.O. (Opponent)
> Scene ID: 49
Event:     Trigger 2nd Blast 1 (Opponent) [AUTO]

[Scene 30 (Victory)]

===Cinematic Info===
Change Position/Rotation for SS2 Goku (End)
> Position (XYZ): 40.0 0.0 -35.0 
> Rotation (XYZ): 0.0 -90.0 0.0 
Change Position/Rotation for Ultimate Gohan
> Position (XYZ): -40.0 0.9 -35.0 
> Rotation (XYZ): 0.0 90.0 0.0 
Enable Ki Charge for Ultimate Gohan
Enable Ki Charge for SS2 Goku (End)
Play Animation 1_GROUND_TIRED.canm for Ultimate Gohan
> Loop property detected
Play Animation 413_STAND_LOOP.canm for SS2 Goku (End)
> Loop property detected
[Initial Camera Point]
> Position (XYZ): -53.224 -4.089 -47.782 
> Rotation (XYZ): 10.257 43.779 0.0 
[Additional Camera Point]
> Transition Time: 5.5 
> Position (XYZ): -52.325 -12.618 -50.504 
> Rotation (XYZ): -6.708 58.454 0.0 
Wait 2.0 seconds
Enable MPM Explosion for Ultimate Gohan
Play Animation 388_LOSE.canm for Ultimate Gohan
> Wait property detected
[Initial Camera Point]
> Position (XYZ): 34.489 -20.718 -40.984 
> Rotation (XYZ): -40.771 34.979 0.0 
[Additional Camera Point]
> Transition Time: 5.0 
> Position (XYZ): 35.629 -16.034 -39.354 
> Rotation (XYZ): -5.484 34.979 0.0 
Enable MPM Explosion for SS2 Goku (End)
Play Voice Line 28 for SS2 Goku (End)
> Wait property detected
Play Voice Line 29 for SS2 Goku (End)
> Wait property detected
Disable ALL VFX

===No Battle Info===

[Scene 39 (Placeholder Victory)]

===Cinematic Info===
Disable ALL VFX

===No Battle Info===

[Scene 49 (Placeholder Defeat)]

===Cinematic Info===
Disable ALL VFX

===No Battle Info===
